#
# A fatal error has been detected by the Java Runtime Environment:
#
#  Internal Error (jvmciRuntime.cpp:1624), pid=36140, tid=38612
#  fatal error: Fatal JVMCI exception (see JVMCI Events for stack trace): Uncaught exception exiting libjvmci JVMCIEnv scope entered at s\src\hotspot\share\compiler\compileBroker.cpp:2247
#
# JRE version: OpenJDK Runtime Environment GraalVM CE 25.0.1+8.1 (25.0.1+8) (build 25.0.1+8-jvmci-b01)
# Java VM: OpenJDK 64-Bit Server VM GraalVM CE 25.0.1+8.1 (25.0.1+8-jvmci-b01, mixed mode, sharing, tiered, jvmci, jvmci compiler, compressed oops, compressed class ptrs, g1 gc, windows-amd64)
# Problematic frame:
# V  [jvm.dll+0x5e4a38]
#
# No core dump will be written. Minidumps are not enabled by default on client versions of Windows
#
# If you would like to submit a bug report, please visit:
#   https://github.com/oracle/graal/issues
#

---------------  S U M M A R Y ------------

Command Line: -XX:ThreadPriorityPolicy=1 -XX:+UnlockExperimentalVMOptions -XX:+EnableJVMCIProduct -XX:+EnableJVMCI -XX:-UnlockExperimentalVMOptions -Dfile.encoding=UTF-8 -Dstdout.encoding=UTF-8 -Dstderr.encoding=UTF-8 com.qin.cli.QinCli sync

Host: Intel(R) Core(TM) i7-9700 CPU @ 3.00GHz, 8 cores, 31G,  Windows 10 , 64 bit Build 19041 (10.0.19041.5915)
Time: Sun Jan 18 15:31:24 2026 elapsed time: 0.683628 seconds (0d 0h 0m 0s)

---------------  T H R E A D  ---------------

Current thread (0x00000241f9130550):  JavaThread "JVMCI-native CompilerThread0" daemon [_thread_in_vm, id=38612, stack(0x0000009c2dd00000,0x0000009c2de00000) (1024K)]


Current CompileTask:
JVMCI-native:683  343       4       java.util.concurrent.ConcurrentHashMap::casTabAt (20 bytes)

Stack: [0x0000009c2dd00000,0x0000009c2de00000],  sp=0x0000009c2ddfe8b0,  free space=1018k
Native frames: (J=compiled Java code, j=interpreted, Vv=VM code, C=native code)
V  [jvm.dll+0x5e4a38]  (no source info available)
V  [jvm.dll+0x5c3cdc]  (no source info available)
V  [jvm.dll+0x2d2045]  (no source info available)
V  [jvm.dll+0x2d0525]  (no source info available)
V  [jvm.dll+0x492d21]  (no source info available)
V  [jvm.dll+0x99b8ad]  (no source info available)
V  [jvm.dll+0x7ab725]  (no source info available)
C  [ucrtbase.dll+0x21bb2]  (no source info available)
C  [KERNEL32.DLL+0x17374]  (no source info available)
C  [ntdll.dll+0x4cc91]  (no source info available)




Registers:
RAX=0x00000241d54d0000, RBX=0x00000241f9130550, RCX=0x00000000e0000000, RDX=0x00007ffa12aaf268
RSP=0x0000009c2ddfe8b0, RBP=0x0000000000000048, RSI=0x0000009c2ddfe9a0, RDI=0x0000009c2ddfec20
R8 =0x0000000000000658, R9 =0x00007ffa12ab0170, R10=0x00007ffa12aadf80, R11=0x00000241f910bfd0
R12=0x000002418418b680, R13=0x000000002a489f70, R14=0x0000000000000020, R15=0x0000000000000000
RIP=0x00007ffa124e4a38, EFLAGS=0x0000000000010202

XMM[0]=0x73206e6f69747065 0x63786520676e6974
XMM[1]=0x676e69727473206f 0x74206b6361747320
XMM[2]=0x0a0a0a0a0a0a0a0a 0x0a0a0a0a0a0a0a0a
XMM[3]=0x0000000000000000 0x0000000000000000
XMM[4]=0x0000000000000000 0x0000000000000000
XMM[5]=0x0000000000000000 0x0000000000000000
XMM[6]=0x0000000000000000 0x0000000000000000
XMM[7]=0x0000000000000000 0x0000000000000000
XMM[8]=0x0000000000000000 0x0000000000000000
XMM[9]=0x0000000000000000 0x0000000000000000
XMM[10]=0x0000000000000000 0x0000000000000000
XMM[11]=0x0000000000000000 0x0000000000000000
XMM[12]=0x0000000000000000 0x0000000000000000
XMM[13]=0x0000000000000000 0x0000000000000000
XMM[14]=0x0000000000000000 0x0000000000000000
XMM[15]=0x0000000000000000 0x0000000000000000
  MXCSR=0x00001fa0


Register to memory mapping:

RAX=0x00000241d54d0000 points into unknown readable memory: 0x0000000000000058 | 58 00 00 00 00 00 00 00
RBX=0x00000241f9130550 is a thread
RCX=0x00000000e0000000 is an unknown value
RDX=0x00007ffa12aaf268 jvm.dll
RSP=0x0000009c2ddfe8b0 is pointing into the stack for thread: 0x00000241f9130550
RBP=0x0000000000000048 is an unknown value
RSI=0x0000009c2ddfe9a0 is pointing into the stack for thread: 0x00000241f9130550
RDI=0x0000009c2ddfec20 is pointing into the stack for thread: 0x00000241f9130550
R8 =0x0000000000000658 is an unknown value
R9 =0x00007ffa12ab0170 jvm.dll
R10=0x00007ffa12aadf80 jvm.dll
R11=0x00000241f910bfd0 points into unknown readable memory: 0x652064657473656e | 6e 65 73 74 65 64 20 65
R12=0x000002418418b680 points into unknown readable memory: 0x7468677561636e75 | 75 6e 63 61 75 67 68 74
R13={method} {0x000000002a489f78} 'casTabAt' '([Ljava/util/concurrent/ConcurrentHashMap$Node;ILjava/util/concurrent/ConcurrentHashMap$Node;Ljava/util/concurrent/ConcurrentHashMap$Node;)Z' in 'java/util/concurrent/ConcurrentHashMap'
R14=0x0000000000000020 is an unknown value
R15=0x0 is null

Top of Stack: (sp=0x0000009c2ddfe8b0)
0x0000009c2ddfe8b0:   00000241f9130550 0000000000000048   P...A...H.......
0x0000009c2ddfe8c0:   00000241f9130d78 00007ffa12ab0170   x...A...p.......
0x0000009c2ddfe8d0:   0000009c2ddfe9a0 0000000000000020   ...-.... .......
0x0000009c2ddfe8e0:   00000241f9130550 00007ffa124c3cdc   P...A....<L.....
0x0000009c2ddfe8f0:   0000009c2ddfec20 0000000000000003    ..-............
0x0000009c2ddfe900:   00007ffa12aae270 00007ffa12aae260   p.......`.......
0x0000009c2ddfe910:   00007ffa12a5ea68 00000241000008c7   h...........A...
0x0000009c2ddfe920:   0000000000000077 0000000000000078   w.......x.......
0x0000009c2ddfe930:   0000024184180000 00000241f8fd15c0   ....A.......A...
0x0000009c2ddfe940:   00000241f8fd15d8 00000241f8fd16b0   ....A.......A...
0x0000009c2ddfe950:   00000241f9130550 00000241f9130550   P...A...P...A...
0x0000009c2ddfe960:   00000241f912f1c0 00000241f8fd15c0   ....A.......A...
0x0000009c2ddfe970:   00000241f8fd15d8 00000241f8fd16b0   ....A.......A...
0x0000009c2ddfe980:   00000000000000d8 0000009c2ddff4d8   ...........-....
0x0000009c2ddfe990:   0000024184182600 0000009c2ddfec20   .&..A... ..-....
0x0000009c2ddfe9a0:   7468677561636e55 6974706563786520   Uncaught excepti
0x0000009c2ddfe9b0:   6974697865206e6f 766a62696c20676e   on exiting libjv
0x0000009c2ddfe9c0:   434d564a2069636d 6f637320766e4549   mci JVMCIEnv sco
0x0000009c2ddfe9d0:   7265746e65206570 5c73207461206465   pe entered at s\
0x0000009c2ddfe9e0:   73746f685c637273 726168735c746f70   src\hotspot\shar
0x0000009c2ddfe9f0:   6c69706d6f635c65 69706d6f635c7265   e\compiler\compi
0x0000009c2ddfea00:   72656b6f7242656c 3432323a7070632e   leBroker.cpp:224
0x0000009c2ddfea10:   0000000000000037 00007ffa124c9700   7.........L.....
0x0000009c2ddfea20:   0000000000000000 0000000000000000   ................
0x0000009c2ddfea30:   8000000000000001 00007ffa06cf1500   ................
0x0000009c2ddfea40:   00000241f912f1c0 00000241f8fd15c0   ....A.......A...
0x0000009c2ddfea50:   0000000000000002 00007ffa124c9700   ..........L.....
0x0000009c2ddfea60:   00000241f9130550 00000241f912f1c0   P...A.......A...
0x0000009c2ddfea70:   00000241f8fd15c0 00000241f8fd15d8   ....A.......A...
0x0000009c2ddfea80:   00000241f8fd16b0 00000000000000d8   ....A...........
0x0000009c2ddfea90:   0000009c2ddff4d8 00007ffa124c39cd   ...-.....9L.....
0x0000009c2ddfeaa0:   00008a9d609cc38c 0000000000000000   ...`............

Instructions: (pc=0x00007ffa124e4a38)
  0x00007ffa124e4938:   8b 8b d0 04 00 00 c1 e9 03 80 e1 01 74 08 48 8b
  0x00007ffa124e4948:   cb e8 a2 c0 ea ff 48 8b c7 c7 83 d4 04 00 00 08
  0x00007ffa124e4958:   00 00 00 48 8b 8d d0 13 00 00 48 33 cc e8 66 7f
  0x00007ffa124e4968:   49 00 48 8b 9c 24 28 15 00 00 48 81 c4 e0 14 00
  0x00007ffa124e4978:   00 41 5f 41 5e 41 5d 41 5c 5f 5e 5d c3 cc cc cc
  0x00007ffa124e4988:   cc cc cc cc cc cc cc cc 48 89 5c 24 08 48 89 74
  0x00007ffa124e4998:   24 10 57 48 83 ec 30 48 8b f2 48 8b f9 e8 36 6a
  0x00007ffa124e49a8:   a2 ff 44 8b 05 c7 fb 83 00 48 8b d8 45 85 c0 75
  0x00007ffa124e49b8:   4d 33 d2 48 8d 0d b6 fb 83 00 41 b9 08 00 00 00
  0x00007ffa124e49c8:   41 b8 01 00 00 00 e8 0d d7 ff ff 85 c0 75 2f 48
  0x00007ffa124e49d8:   8b 0d 32 c4 7c 00 48 8b d6 e8 ba 2d 00 00 48 85
  0x00007ffa124e49e8:   ff 74 11 48 8b 15 1e c4 7c 00 48 8b cf e8 f6 20
  0x00007ffa124e49f8:   fe ff eb 17 48 8b cb e8 8c f1 ff ff eb 0d ba c8
  0x00007ffa124e4a08:   00 00 00 48 8b cb e8 dd e6 ea ff 48 8b 05 06 cb
  0x00007ffa124e4a18:   7b 00 4c 8d 0d 4f b7 5c 00 41 b8 58 06 00 00 48
  0x00007ffa124e4a28:   89 74 24 20 48 8d 15 35 a8 5c 00 b9 00 00 00 e0
=>0x00007ffa124e4a38:   c6 00 58 e8 10 af d1 ff cc cc cc cc cc cc cc cc
  0x00007ffa124e4a48:   cc cc cc cc cc cc cc cc 48 89 5c 24 18 41 56 48
  0x00007ffa124e4a58:   83 ec 20 48 8b 1d de 4f 85 00 4c 8b f1 48 85 db
  0x00007ffa124e4a68:   74 08 48 8b cb e8 be ef 18 00 48 89 74 24 30 48
  0x00007ffa124e4a78:   89 7c 24 38 e8 ef 7c f5 ff 84 c0 74 10 49 8b ce
  0x00007ffa124e4a88:   e8 d3 37 00 00 48 8b f8 e9 df 00 00 00 33 f6 39
  0x00007ffa124e4a98:   35 1b de 7b 00 75 41 48 8b 3d 92 e6 83 00 48 85
  0x00007ffa124e4aa8:   ff 0f 84 f6 00 00 00 8b 47 60 83 f8 ff 75 1f 66
  0x00007ffa124e4ab8:   0f 1f 84 00 00 00 00 00 48 8b 0d 79 4f 85 00 33
  0x00007ffa124e4ac8:   d2 e8 e2 f3 18 00 8b 47 60 83 f8 ff 74 ea ff c0
  0x00007ffa124e4ad8:   89 47 60 e9 94 00 00 00 49 8b 06 49 8b ce ff 50
  0x00007ffa124e4ae8:   38 48 8b 3d 48 e6 83 00 0f b6 c8 48 85 ff 74 24
  0x00007ffa124e4af8:   8b 15 ba dd 7b 00 66 90 ff c6 3a 4f 64 75 0c 8b
  0x00007ffa124e4b08:   47 60 83 f8 ff 74 04 3b c2 7c 4e 48 8b 7f 38 48
  0x00007ffa124e4b18:   85 ff 75 e4 33 ff 48 85 ff 75 51 45 33 c0 b2 08
  0x00007ffa124e4b28:   b9 68 00 00 00 e8 ce 41 b1 ff 48 8b f8 48 85 c0


Stack slot to memory mapping:

stack at sp + 0 slots: 0x00000241f9130550 is a thread
stack at sp + 1 slots: 0x0000000000000048 is an unknown value
stack at sp + 2 slots: 0x00000241f9130d78 points into unknown readable memory: 0x6974752e6176616a | 6a 61 76 61 2e 75 74 69
stack at sp + 3 slots: 0x00007ffa12ab0170 jvm.dll
stack at sp + 4 slots: 0x0000009c2ddfe9a0 is pointing into the stack for thread: 0x00000241f9130550
stack at sp + 5 slots: 0x0000000000000020 is an unknown value
stack at sp + 6 slots: 0x00000241f9130550 is a thread
stack at sp + 7 slots: 0x00007ffa124c3cdc jvm.dll

Lock stack of current Java thread (top to bottom):


---------------  P R O C E S S  ---------------

Threads class SMR info:
_java_thread_list=0x0000024184051980, length=12, elements={
0x00000241d3ad7cf0, 0x00000241f9125ed0, 0x00000241f91267e0, 0x00000241f912aa20,
0x00000241f912c5f0, 0x00000241f912d1b0, 0x00000241f912dd70, 0x00000241f9130550,
0x00000241f9136800, 0x0000024184096130, 0x00000241841178f0, 0x000002418411e2a0
}

Java Threads: ( => current thread )
  0x00000241d3ad7cf0 JavaThread "main"                              [_thread_in_vm, id=23776, stack(0x0000009c2ce00000,0x0000009c2cf00000) (1024K)]
  0x00000241f9125ed0 JavaThread "Reference Handler"          daemon [_thread_blocked, id=34936, stack(0x0000009c2d700000,0x0000009c2d800000) (1024K)]
  0x00000241f91267e0 JavaThread "Finalizer"                  daemon [_thread_blocked, id=24724, stack(0x0000009c2d800000,0x0000009c2d900000) (1024K)]
  0x00000241f912aa20 JavaThread "Signal Dispatcher"          daemon [_thread_blocked, id=36368, stack(0x0000009c2d900000,0x0000009c2da00000) (1024K)]
  0x00000241f912c5f0 JavaThread "Attach Listener"            daemon [_thread_blocked, id=28948, stack(0x0000009c2da00000,0x0000009c2db00000) (1024K)]
  0x00000241f912d1b0 JavaThread "Service Thread"             daemon [_thread_blocked, id=14680, stack(0x0000009c2db00000,0x0000009c2dc00000) (1024K)]
  0x00000241f912dd70 JavaThread "Monitor Deflation Thread"   daemon [_thread_blocked, id=38392, stack(0x0000009c2dc00000,0x0000009c2dd00000) (1024K)]
=>0x00000241f9130550 JavaThread "JVMCI-native CompilerThread0" daemon [_thread_in_vm, id=38612, stack(0x0000009c2dd00000,0x0000009c2de00000) (1024K)]
  0x00000241f9136800 JavaThread "C1 CompilerThread0"         daemon [_thread_in_native, id=2248, stack(0x0000009c2de00000,0x0000009c2df00000) (1024K)]
  0x0000024184096130 JavaThread "C1 CompilerThread1"         daemon [_thread_in_vm, id=31892, stack(0x0000009c2df00000,0x0000009c2e000000) (1024K)]
  0x00000241841178f0 JavaThread "Notification Thread"        daemon [_thread_blocked, id=32356, stack(0x0000009c2e000000,0x0000009c2e100000) (1024K)]
  0x000002418411e2a0 JavaThread "Common-Cleaner"             daemon [_thread_blocked, id=14852, stack(0x0000009c2e100000,0x0000009c2e200000) (1024K)]
Total: 12

Other Threads:
  0x00000241f9113460 VMThread "VM Thread"                           [id=8904, stack(0x0000009c2d600000,0x0000009c2d700000) (1024K)]
  0x00000241f9100fe0 WatcherThread "VM Periodic Task Thread"        [id=24416, stack(0x0000009c2d500000,0x0000009c2d600000) (1024K)]
  0x00000241d5dba480 WorkerThread "GC Thread#0"                     [id=25964, stack(0x0000009c2d000000,0x0000009c2d100000) (1024K)]
  0x00000241f8f88020 ConcurrentGCThread "G1 Main Marker"            [id=26960, stack(0x0000009c2d100000,0x0000009c2d200000) (1024K)]
  0x00000241d5dcc5c0 WorkerThread "G1 Conc#0"                       [id=25284, stack(0x0000009c2d200000,0x0000009c2d300000) (1024K)]
  0x00000241f8fcf2b0 ConcurrentGCThread "G1 Refine#0"               [id=35192, stack(0x0000009c2d300000,0x0000009c2d400000) (1024K)]
  0x00000241f8fd1dd0 ConcurrentGCThread "G1 Service"                [id=35160, stack(0x0000009c2d400000,0x0000009c2d500000) (1024K)]
Total: 7

Threads with active compile tasks:
JVMCI-native CompilerThread0  754  343       4       java.util.concurrent.ConcurrentHashMap::casTabAt (20 bytes)
C1 CompilerThread0  754  386  s!   3       jdk.internal.loader.URLClassPath::getLoader (202 bytes)
C1 CompilerThread1  754  391       3       java.util.zip.ZipCoder::hash (36 bytes)
Total: 3

VM state: not at safepoint (normal execution)

VM Mutex/Monitor currently owned by a thread:  ([mutex/lock_event])
[0x00007ffa12d3a168] Metaspace_lock - owner thread: 0x0000024184096130

Heap address: 0x0000000602000000, size: 8160 MB, Compressed Oops mode: Zero based, Oop shift amount: 3

CDS archive(s) mapped at: [0x000000002a000000-0x000000002add0000-0x000000002add0000), size 14483456, SharedBaseAddress: 0x000000002a000000, ArchiveRelocationMode: 1.
Compressed class space mapped at: 0x000000002b000000-0x000000006b000000, reserved size: 1073741824
UseCompressedClassPointers 1, UseCompactObjectHeaders 0
Narrow klass pointer bits 32, Max shift 3
Narrow klass base: 0x000000002a000000, Narrow klass shift: 0
Encoding Range: [0x000000002a000000 - 0x000000012a000000), (4294967296 bytes)
Klass Range:    [0x000000002a010000 - 0x000000006b000000), (1090453504 bytes)
Klass ID Range:  [65536 - 1090519033) (1090453497)
Protection zone: [0x000000002a000000 - 0x000000002a010000), (65536 bytes)

GC Precious Log:
 CardTable entry size: 512
 Card Set container configuration: InlinePtr #cards 4 size 8 Array Of Cards #cards 32 size 80 Howl #buckets 8 coarsen threshold 7372 Howl Bitmap #cards 1024 size 144 coarsen threshold 921 Card regions per heap region 1 cards per card region 8192
 CPUs: 8 total, 8 available
 Memory: 32631M
 Large Page Support: Disabled
 NUMA Support: Disabled
 Compressed Oops: Enabled (Zero based)
 Heap Region Size: 4M
 Heap Min Capacity: 8M
 Heap Initial Capacity: 512M
 Heap Max Capacity: 8160M
 Pre-touch: Disabled
 Parallel Workers: 8
 Concurrent Workers: 2
 Concurrent Refinement Workers: 8
 Periodic GC: Disabled

Heap:
 garbage-first heap   total reserved 8355840K, committed 528384K, used 5345K [0x0000000602000000, 0x0000000800000000)
  region size 4096K, 2 young (8192K), 0 survivors (0K)

Heap Regions: E=young(eden), S=young(survivor), O=old, HS=humongous(starts), HC=humongous(continues), CS=collection set, F=free, TAMS=top-at-mark-start, PB=parsable bottom
|   0|0x0000000602000000, 0x0000000602000000, 0x0000000602400000|  0%| F|  |TAMS 0x0000000602000000| PB 0x0000000602000000| Untracked |  0
|   1|0x0000000602400000, 0x0000000602400000, 0x0000000602800000|  0%| F|  |TAMS 0x0000000602400000| PB 0x0000000602400000| Untracked |  0
|   2|0x0000000602800000, 0x0000000602800000, 0x0000000602c00000|  0%| F|  |TAMS 0x0000000602800000| PB 0x0000000602800000| Untracked |  0
|   3|0x0000000602c00000, 0x0000000602c00000, 0x0000000603000000|  0%| F|  |TAMS 0x0000000602c00000| PB 0x0000000602c00000| Untracked |  0
|   4|0x0000000603000000, 0x0000000603000000, 0x0000000603400000|  0%| F|  |TAMS 0x0000000603000000| PB 0x0000000603000000| Untracked |  0
|   5|0x0000000603400000, 0x0000000603400000, 0x0000000603800000|  0%| F|  |TAMS 0x0000000603400000| PB 0x0000000603400000| Untracked |  0
|   6|0x0000000603800000, 0x0000000603800000, 0x0000000603c00000|  0%| F|  |TAMS 0x0000000603800000| PB 0x0000000603800000| Untracked |  0
|   7|0x0000000603c00000, 0x0000000603c00000, 0x0000000604000000|  0%| F|  |TAMS 0x0000000603c00000| PB 0x0000000603c00000| Untracked |  0
|   8|0x0000000604000000, 0x0000000604000000, 0x0000000604400000|  0%| F|  |TAMS 0x0000000604000000| PB 0x0000000604000000| Untracked |  0
|   9|0x0000000604400000, 0x0000000604400000, 0x0000000604800000|  0%| F|  |TAMS 0x0000000604400000| PB 0x0000000604400000| Untracked |  0
|  10|0x0000000604800000, 0x0000000604800000, 0x0000000604c00000|  0%| F|  |TAMS 0x0000000604800000| PB 0x0000000604800000| Untracked |  0
|  11|0x0000000604c00000, 0x0000000604c00000, 0x0000000605000000|  0%| F|  |TAMS 0x0000000604c00000| PB 0x0000000604c00000| Untracked |  0
|  12|0x0000000605000000, 0x0000000605000000, 0x0000000605400000|  0%| F|  |TAMS 0x0000000605000000| PB 0x0000000605000000| Untracked |  0
|  13|0x0000000605400000, 0x0000000605400000, 0x0000000605800000|  0%| F|  |TAMS 0x0000000605400000| PB 0x0000000605400000| Untracked |  0
|  14|0x0000000605800000, 0x0000000605800000, 0x0000000605c00000|  0%| F|  |TAMS 0x0000000605800000| PB 0x0000000605800000| Untracked |  0
|  15|0x0000000605c00000, 0x0000000605c00000, 0x0000000606000000|  0%| F|  |TAMS 0x0000000605c00000| PB 0x0000000605c00000| Untracked |  0
|  16|0x0000000606000000, 0x0000000606000000, 0x0000000606400000|  0%| F|  |TAMS 0x0000000606000000| PB 0x0000000606000000| Untracked |  0
|  17|0x0000000606400000, 0x0000000606400000, 0x0000000606800000|  0%| F|  |TAMS 0x0000000606400000| PB 0x0000000606400000| Untracked |  0
|  18|0x0000000606800000, 0x0000000606800000, 0x0000000606c00000|  0%| F|  |TAMS 0x0000000606800000| PB 0x0000000606800000| Untracked |  0
|  19|0x0000000606c00000, 0x0000000606c00000, 0x0000000607000000|  0%| F|  |TAMS 0x0000000606c00000| PB 0x0000000606c00000| Untracked |  0
|  20|0x0000000607000000, 0x0000000607000000, 0x0000000607400000|  0%| F|  |TAMS 0x0000000607000000| PB 0x0000000607000000| Untracked |  0
|  21|0x0000000607400000, 0x0000000607400000, 0x0000000607800000|  0%| F|  |TAMS 0x0000000607400000| PB 0x0000000607400000| Untracked |  0
|  22|0x0000000607800000, 0x0000000607800000, 0x0000000607c00000|  0%| F|  |TAMS 0x0000000607800000| PB 0x0000000607800000| Untracked |  0
|  23|0x0000000607c00000, 0x0000000607c00000, 0x0000000608000000|  0%| F|  |TAMS 0x0000000607c00000| PB 0x0000000607c00000| Untracked |  0
|  24|0x0000000608000000, 0x0000000608000000, 0x0000000608400000|  0%| F|  |TAMS 0x0000000608000000| PB 0x0000000608000000| Untracked |  0
|  25|0x0000000608400000, 0x0000000608400000, 0x0000000608800000|  0%| F|  |TAMS 0x0000000608400000| PB 0x0000000608400000| Untracked |  0
|  26|0x0000000608800000, 0x0000000608800000, 0x0000000608c00000|  0%| F|  |TAMS 0x0000000608800000| PB 0x0000000608800000| Untracked |  0
|  27|0x0000000608c00000, 0x0000000608c00000, 0x0000000609000000|  0%| F|  |TAMS 0x0000000608c00000| PB 0x0000000608c00000| Untracked |  0
|  28|0x0000000609000000, 0x0000000609000000, 0x0000000609400000|  0%| F|  |TAMS 0x0000000609000000| PB 0x0000000609000000| Untracked |  0
|  29|0x0000000609400000, 0x0000000609400000, 0x0000000609800000|  0%| F|  |TAMS 0x0000000609400000| PB 0x0000000609400000| Untracked |  0
|  30|0x0000000609800000, 0x0000000609800000, 0x0000000609c00000|  0%| F|  |TAMS 0x0000000609800000| PB 0x0000000609800000| Untracked |  0
|  31|0x0000000609c00000, 0x0000000609c00000, 0x000000060a000000|  0%| F|  |TAMS 0x0000000609c00000| PB 0x0000000609c00000| Untracked |  0
|  32|0x000000060a000000, 0x000000060a000000, 0x000000060a400000|  0%| F|  |TAMS 0x000000060a000000| PB 0x000000060a000000| Untracked |  0
|  33|0x000000060a400000, 0x000000060a400000, 0x000000060a800000|  0%| F|  |TAMS 0x000000060a400000| PB 0x000000060a400000| Untracked |  0
|  34|0x000000060a800000, 0x000000060a800000, 0x000000060ac00000|  0%| F|  |TAMS 0x000000060a800000| PB 0x000000060a800000| Untracked |  0
|  35|0x000000060ac00000, 0x000000060ac00000, 0x000000060b000000|  0%| F|  |TAMS 0x000000060ac00000| PB 0x000000060ac00000| Untracked |  0
|  36|0x000000060b000000, 0x000000060b000000, 0x000000060b400000|  0%| F|  |TAMS 0x000000060b000000| PB 0x000000060b000000| Untracked |  0
|  37|0x000000060b400000, 0x000000060b400000, 0x000000060b800000|  0%| F|  |TAMS 0x000000060b400000| PB 0x000000060b400000| Untracked |  0
|  38|0x000000060b800000, 0x000000060b800000, 0x000000060bc00000|  0%| F|  |TAMS 0x000000060b800000| PB 0x000000060b800000| Untracked |  0
|  39|0x000000060bc00000, 0x000000060bc00000, 0x000000060c000000|  0%| F|  |TAMS 0x000000060bc00000| PB 0x000000060bc00000| Untracked |  0
|  40|0x000000060c000000, 0x000000060c000000, 0x000000060c400000|  0%| F|  |TAMS 0x000000060c000000| PB 0x000000060c000000| Untracked |  0
|  41|0x000000060c400000, 0x000000060c400000, 0x000000060c800000|  0%| F|  |TAMS 0x000000060c400000| PB 0x000000060c400000| Untracked |  0
|  42|0x000000060c800000, 0x000000060c800000, 0x000000060cc00000|  0%| F|  |TAMS 0x000000060c800000| PB 0x000000060c800000| Untracked |  0
|  43|0x000000060cc00000, 0x000000060cc00000, 0x000000060d000000|  0%| F|  |TAMS 0x000000060cc00000| PB 0x000000060cc00000| Untracked |  0
|  44|0x000000060d000000, 0x000000060d000000, 0x000000060d400000|  0%| F|  |TAMS 0x000000060d000000| PB 0x000000060d000000| Untracked |  0
|  45|0x000000060d400000, 0x000000060d400000, 0x000000060d800000|  0%| F|  |TAMS 0x000000060d400000| PB 0x000000060d400000| Untracked |  0
|  46|0x000000060d800000, 0x000000060d800000, 0x000000060dc00000|  0%| F|  |TAMS 0x000000060d800000| PB 0x000000060d800000| Untracked |  0
|  47|0x000000060dc00000, 0x000000060dc00000, 0x000000060e000000|  0%| F|  |TAMS 0x000000060dc00000| PB 0x000000060dc00000| Untracked |  0
|  48|0x000000060e000000, 0x000000060e000000, 0x000000060e400000|  0%| F|  |TAMS 0x000000060e000000| PB 0x000000060e000000| Untracked |  0
|  49|0x000000060e400000, 0x000000060e400000, 0x000000060e800000|  0%| F|  |TAMS 0x000000060e400000| PB 0x000000060e400000| Untracked |  0
|  50|0x000000060e800000, 0x000000060e800000, 0x000000060ec00000|  0%| F|  |TAMS 0x000000060e800000| PB 0x000000060e800000| Untracked |  0
|  51|0x000000060ec00000, 0x000000060ec00000, 0x000000060f000000|  0%| F|  |TAMS 0x000000060ec00000| PB 0x000000060ec00000| Untracked |  0
|  52|0x000000060f000000, 0x000000060f000000, 0x000000060f400000|  0%| F|  |TAMS 0x000000060f000000| PB 0x000000060f000000| Untracked |  0
|  53|0x000000060f400000, 0x000000060f400000, 0x000000060f800000|  0%| F|  |TAMS 0x000000060f400000| PB 0x000000060f400000| Untracked |  0
|  54|0x000000060f800000, 0x000000060f800000, 0x000000060fc00000|  0%| F|  |TAMS 0x000000060f800000| PB 0x000000060f800000| Untracked |  0
|  55|0x000000060fc00000, 0x000000060fc00000, 0x0000000610000000|  0%| F|  |TAMS 0x000000060fc00000| PB 0x000000060fc00000| Untracked |  0
|  56|0x0000000610000000, 0x0000000610000000, 0x0000000610400000|  0%| F|  |TAMS 0x0000000610000000| PB 0x0000000610000000| Untracked |  0
|  57|0x0000000610400000, 0x0000000610400000, 0x0000000610800000|  0%| F|  |TAMS 0x0000000610400000| PB 0x0000000610400000| Untracked |  0
|  58|0x0000000610800000, 0x0000000610800000, 0x0000000610c00000|  0%| F|  |TAMS 0x0000000610800000| PB 0x0000000610800000| Untracked |  0
|  59|0x0000000610c00000, 0x0000000610c00000, 0x0000000611000000|  0%| F|  |TAMS 0x0000000610c00000| PB 0x0000000610c00000| Untracked |  0
|  60|0x0000000611000000, 0x0000000611000000, 0x0000000611400000|  0%| F|  |TAMS 0x0000000611000000| PB 0x0000000611000000| Untracked |  0
|  61|0x0000000611400000, 0x0000000611400000, 0x0000000611800000|  0%| F|  |TAMS 0x0000000611400000| PB 0x0000000611400000| Untracked |  0
|  62|0x0000000611800000, 0x0000000611800000, 0x0000000611c00000|  0%| F|  |TAMS 0x0000000611800000| PB 0x0000000611800000| Untracked |  0
|  63|0x0000000611c00000, 0x0000000611c00000, 0x0000000612000000|  0%| F|  |TAMS 0x0000000611c00000| PB 0x0000000611c00000| Untracked |  0
|  64|0x0000000612000000, 0x0000000612000000, 0x0000000612400000|  0%| F|  |TAMS 0x0000000612000000| PB 0x0000000612000000| Untracked |  0
|  65|0x0000000612400000, 0x0000000612400000, 0x0000000612800000|  0%| F|  |TAMS 0x0000000612400000| PB 0x0000000612400000| Untracked |  0
|  66|0x0000000612800000, 0x0000000612800000, 0x0000000612c00000|  0%| F|  |TAMS 0x0000000612800000| PB 0x0000000612800000| Untracked |  0
|  67|0x0000000612c00000, 0x0000000612c00000, 0x0000000613000000|  0%| F|  |TAMS 0x0000000612c00000| PB 0x0000000612c00000| Untracked |  0
|  68|0x0000000613000000, 0x0000000613000000, 0x0000000613400000|  0%| F|  |TAMS 0x0000000613000000| PB 0x0000000613000000| Untracked |  0
|  69|0x0000000613400000, 0x0000000613400000, 0x0000000613800000|  0%| F|  |TAMS 0x0000000613400000| PB 0x0000000613400000| Untracked |  0
|  70|0x0000000613800000, 0x0000000613800000, 0x0000000613c00000|  0%| F|  |TAMS 0x0000000613800000| PB 0x0000000613800000| Untracked |  0
|  71|0x0000000613c00000, 0x0000000613c00000, 0x0000000614000000|  0%| F|  |TAMS 0x0000000613c00000| PB 0x0000000613c00000| Untracked |  0
|  72|0x0000000614000000, 0x0000000614000000, 0x0000000614400000|  0%| F|  |TAMS 0x0000000614000000| PB 0x0000000614000000| Untracked |  0
|  73|0x0000000614400000, 0x0000000614400000, 0x0000000614800000|  0%| F|  |TAMS 0x0000000614400000| PB 0x0000000614400000| Untracked |  0
|  74|0x0000000614800000, 0x0000000614800000, 0x0000000614c00000|  0%| F|  |TAMS 0x0000000614800000| PB 0x0000000614800000| Untracked |  0
|  75|0x0000000614c00000, 0x0000000614c00000, 0x0000000615000000|  0%| F|  |TAMS 0x0000000614c00000| PB 0x0000000614c00000| Untracked |  0
|  76|0x0000000615000000, 0x0000000615000000, 0x0000000615400000|  0%| F|  |TAMS 0x0000000615000000| PB 0x0000000615000000| Untracked |  0
|  77|0x0000000615400000, 0x0000000615400000, 0x0000000615800000|  0%| F|  |TAMS 0x0000000615400000| PB 0x0000000615400000| Untracked |  0
|  78|0x0000000615800000, 0x0000000615800000, 0x0000000615c00000|  0%| F|  |TAMS 0x0000000615800000| PB 0x0000000615800000| Untracked |  0
|  79|0x0000000615c00000, 0x0000000615c00000, 0x0000000616000000|  0%| F|  |TAMS 0x0000000615c00000| PB 0x0000000615c00000| Untracked |  0
|  80|0x0000000616000000, 0x0000000616000000, 0x0000000616400000|  0%| F|  |TAMS 0x0000000616000000| PB 0x0000000616000000| Untracked |  0
|  81|0x0000000616400000, 0x0000000616400000, 0x0000000616800000|  0%| F|  |TAMS 0x0000000616400000| PB 0x0000000616400000| Untracked |  0
|  82|0x0000000616800000, 0x0000000616800000, 0x0000000616c00000|  0%| F|  |TAMS 0x0000000616800000| PB 0x0000000616800000| Untracked |  0
|  83|0x0000000616c00000, 0x0000000616c00000, 0x0000000617000000|  0%| F|  |TAMS 0x0000000616c00000| PB 0x0000000616c00000| Untracked |  0
|  84|0x0000000617000000, 0x0000000617000000, 0x0000000617400000|  0%| F|  |TAMS 0x0000000617000000| PB 0x0000000617000000| Untracked |  0
|  85|0x0000000617400000, 0x0000000617400000, 0x0000000617800000|  0%| F|  |TAMS 0x0000000617400000| PB 0x0000000617400000| Untracked |  0
|  86|0x0000000617800000, 0x0000000617800000, 0x0000000617c00000|  0%| F|  |TAMS 0x0000000617800000| PB 0x0000000617800000| Untracked |  0
|  87|0x0000000617c00000, 0x0000000617c00000, 0x0000000618000000|  0%| F|  |TAMS 0x0000000617c00000| PB 0x0000000617c00000| Untracked |  0
|  88|0x0000000618000000, 0x0000000618000000, 0x0000000618400000|  0%| F|  |TAMS 0x0000000618000000| PB 0x0000000618000000| Untracked |  0
|  89|0x0000000618400000, 0x0000000618400000, 0x0000000618800000|  0%| F|  |TAMS 0x0000000618400000| PB 0x0000000618400000| Untracked |  0
|  90|0x0000000618800000, 0x0000000618800000, 0x0000000618c00000|  0%| F|  |TAMS 0x0000000618800000| PB 0x0000000618800000| Untracked |  0
|  91|0x0000000618c00000, 0x0000000618c00000, 0x0000000619000000|  0%| F|  |TAMS 0x0000000618c00000| PB 0x0000000618c00000| Untracked |  0
|  92|0x0000000619000000, 0x0000000619000000, 0x0000000619400000|  0%| F|  |TAMS 0x0000000619000000| PB 0x0000000619000000| Untracked |  0
|  93|0x0000000619400000, 0x0000000619400000, 0x0000000619800000|  0%| F|  |TAMS 0x0000000619400000| PB 0x0000000619400000| Untracked |  0
|  94|0x0000000619800000, 0x0000000619800000, 0x0000000619c00000|  0%| F|  |TAMS 0x0000000619800000| PB 0x0000000619800000| Untracked |  0
|  95|0x0000000619c00000, 0x0000000619c00000, 0x000000061a000000|  0%| F|  |TAMS 0x0000000619c00000| PB 0x0000000619c00000| Untracked |  0
|  96|0x000000061a000000, 0x000000061a000000, 0x000000061a400000|  0%| F|  |TAMS 0x000000061a000000| PB 0x000000061a000000| Untracked |  0
|  97|0x000000061a400000, 0x000000061a400000, 0x000000061a800000|  0%| F|  |TAMS 0x000000061a400000| PB 0x000000061a400000| Untracked |  0
|  98|0x000000061a800000, 0x000000061a800000, 0x000000061ac00000|  0%| F|  |TAMS 0x000000061a800000| PB 0x000000061a800000| Untracked |  0
|  99|0x000000061ac00000, 0x000000061ac00000, 0x000000061b000000|  0%| F|  |TAMS 0x000000061ac00000| PB 0x000000061ac00000| Untracked |  0
| 100|0x000000061b000000, 0x000000061b000000, 0x000000061b400000|  0%| F|  |TAMS 0x000000061b000000| PB 0x000000061b000000| Untracked |  0
| 101|0x000000061b400000, 0x000000061b400000, 0x000000061b800000|  0%| F|  |TAMS 0x000000061b400000| PB 0x000000061b400000| Untracked |  0
| 102|0x000000061b800000, 0x000000061b800000, 0x000000061bc00000|  0%| F|  |TAMS 0x000000061b800000| PB 0x000000061b800000| Untracked |  0
| 103|0x000000061bc00000, 0x000000061bc00000, 0x000000061c000000|  0%| F|  |TAMS 0x000000061bc00000| PB 0x000000061bc00000| Untracked |  0
| 104|0x000000061c000000, 0x000000061c000000, 0x000000061c400000|  0%| F|  |TAMS 0x000000061c000000| PB 0x000000061c000000| Untracked |  0
| 105|0x000000061c400000, 0x000000061c400000, 0x000000061c800000|  0%| F|  |TAMS 0x000000061c400000| PB 0x000000061c400000| Untracked |  0
| 106|0x000000061c800000, 0x000000061c800000, 0x000000061cc00000|  0%| F|  |TAMS 0x000000061c800000| PB 0x000000061c800000| Untracked |  0
| 107|0x000000061cc00000, 0x000000061cc00000, 0x000000061d000000|  0%| F|  |TAMS 0x000000061cc00000| PB 0x000000061cc00000| Untracked |  0
| 108|0x000000061d000000, 0x000000061d000000, 0x000000061d400000|  0%| F|  |TAMS 0x000000061d000000| PB 0x000000061d000000| Untracked |  0
| 109|0x000000061d400000, 0x000000061d400000, 0x000000061d800000|  0%| F|  |TAMS 0x000000061d400000| PB 0x000000061d400000| Untracked |  0
| 110|0x000000061d800000, 0x000000061d800000, 0x000000061dc00000|  0%| F|  |TAMS 0x000000061d800000| PB 0x000000061d800000| Untracked |  0
| 111|0x000000061dc00000, 0x000000061dc00000, 0x000000061e000000|  0%| F|  |TAMS 0x000000061dc00000| PB 0x000000061dc00000| Untracked |  0
| 112|0x000000061e000000, 0x000000061e000000, 0x000000061e400000|  0%| F|  |TAMS 0x000000061e000000| PB 0x000000061e000000| Untracked |  0
| 113|0x000000061e400000, 0x000000061e400000, 0x000000061e800000|  0%| F|  |TAMS 0x000000061e400000| PB 0x000000061e400000| Untracked |  0
| 114|0x000000061e800000, 0x000000061e800000, 0x000000061ec00000|  0%| F|  |TAMS 0x000000061e800000| PB 0x000000061e800000| Untracked |  0
| 115|0x000000061ec00000, 0x000000061ec00000, 0x000000061f000000|  0%| F|  |TAMS 0x000000061ec00000| PB 0x000000061ec00000| Untracked |  0
| 116|0x000000061f000000, 0x000000061f000000, 0x000000061f400000|  0%| F|  |TAMS 0x000000061f000000| PB 0x000000061f000000| Untracked |  0
| 117|0x000000061f400000, 0x000000061f400000, 0x000000061f800000|  0%| F|  |TAMS 0x000000061f400000| PB 0x000000061f400000| Untracked |  0
| 118|0x000000061f800000, 0x000000061f800000, 0x000000061fc00000|  0%| F|  |TAMS 0x000000061f800000| PB 0x000000061f800000| Untracked |  0
| 119|0x000000061fc00000, 0x000000061fc00000, 0x0000000620000000|  0%| F|  |TAMS 0x000000061fc00000| PB 0x000000061fc00000| Untracked |  0
| 120|0x0000000620000000, 0x0000000620000000, 0x0000000620400000|  0%| F|  |TAMS 0x0000000620000000| PB 0x0000000620000000| Untracked |  0
| 121|0x0000000620400000, 0x0000000620400000, 0x0000000620800000|  0%| F|  |TAMS 0x0000000620400000| PB 0x0000000620400000| Untracked |  0
| 122|0x0000000620800000, 0x0000000620800000, 0x0000000620c00000|  0%| F|  |TAMS 0x0000000620800000| PB 0x0000000620800000| Untracked |  0
| 123|0x0000000620c00000, 0x0000000620c00000, 0x0000000621000000|  0%| F|  |TAMS 0x0000000620c00000| PB 0x0000000620c00000| Untracked |  0
| 124|0x0000000621000000, 0x0000000621000000, 0x0000000621400000|  0%| F|  |TAMS 0x0000000621000000| PB 0x0000000621000000| Untracked |  0
| 125|0x0000000621400000, 0x0000000621400000, 0x0000000621800000|  0%| F|  |TAMS 0x0000000621400000| PB 0x0000000621400000| Untracked |  0
| 126|0x0000000621800000, 0x00000006219ebc88, 0x0000000621c00000| 48%| E|  |TAMS 0x0000000621800000| PB 0x0000000621800000| Complete |  0
| 127|0x0000000621c00000, 0x0000000622000000, 0x0000000622000000|100%| E|CS|TAMS 0x0000000621c00000| PB 0x0000000621c00000| Complete |  0
|2039|0x00000007ffc00000, 0x00000007ffd38730, 0x0000000800000000| 30%| O|  |TAMS 0x00000007ffc00000| PB 0x00000007ffc00000| Untracked |  0

Card table byte_map: [0x00000241f0010000,0x00000241f1000000] _byte_map_base: 0x00000241ed000000

Marking Bits: (CMBitMap*) 0x00000241d5dbac10
 Bits: [0x00000241f1000000, 0x00000241f8f80000)

Polling page: 0x00000241d54e0000

Metaspace:
Metaspace        used 1415K, committed 1536K, reserved 1114112K
 class space     used 107K, committed 192K, reserved 1048576K

Usage:
  Non-class:      1.28 MB used.
      Class:    107.62 KB used.
       Both:      1.38 MB used.

Virtual space:
  Non-class space:       64.00 MB reserved,       1.31 MB (  2%) committed,  1 nodes.
      Class space:        1.00 GB reserved,     192.00 KB ( <1%) committed,  1 nodes.
             Both:        1.06 GB reserved,       1.50 MB ( <1%) committed. 

Chunk freelists:
   Non-Class:  11.47 MB
       Class:  15.67 MB
        Both:  27.14 MB

MaxMetaspaceSize: unlimited
CompressedClassSpaceSize: 1.00 GB
Initial GC threshold: 21.00 MB
Current GC threshold: 21.00 MB
CDS: on
 - commit_granule_bytes: 65536.
 - commit_granule_words: 8192.
 - virtual_space_node_default_size: 8388608.
 - enlarge_chunks_in_place: 1.
UseCompressedClassPointers 1, UseCompactObjectHeaders 0
Narrow klass pointer bits 32, Max shift 3
Narrow klass base: 0x000000002a000000, Narrow klass shift: 0
Encoding Range: [0x000000002a000000 - 0x000000012a000000), (4294967296 bytes)
Klass Range:    [0x000000002a010000 - 0x000000006b000000), (1090453504 bytes)
Klass ID Range:  [65536 - 1090519033) (1090453497)
Protection zone: [0x000000002a000000 - 0x000000002a010000), (65536 bytes)


Internal statistics:

num_allocs_failed_limit: 0.
num_arena_births: 10.
num_arena_deaths: 0.
num_vsnodes_births: 2.
num_vsnodes_deaths: 0.
num_space_committed: 24.
num_space_uncommitted: 0.
num_chunks_returned_to_freelist: 0.
num_chunks_taken_from_freelist: 43.
num_chunk_merges: 0.
num_chunk_splits: 30.
num_chunks_enlarged: 22.
num_inconsistent_stats: 0.

CodeHeap 'non-profiled nmethods': size=119808Kb used=93Kb max_used=93Kb free=119714Kb
 bounds [0x00000241e77e0000, 0x00000241e7a50000, 0x00000241eece0000]
CodeHeap 'profiled nmethods': size=119744Kb used=499Kb max_used=499Kb free=119244Kb
 bounds [0x00000241dfce0000, 0x00000241dff50000, 0x00000241e71d0000]
CodeHeap 'non-nmethods': size=6208Kb used=1861Kb max_used=1861Kb free=4346Kb
 bounds [0x00000241e71d0000, 0x00000241e7440000, 0x00000241e77e0000]
CodeCache: size=245760Kb, used=2453Kb, max_used=2453Kb, free=243304Kb
 total_blobs=781, nmethods=387, adapters=316, full_count=0
Compilation: enabled, stopped_count=0, restarted_count=0

JVMCI Events (18 events):
Event: 0.256 Thread 0x00000241d3ad7cf0 created new Java JVMCI runtime -1 (0x00000241f90fda10)
Event: 0.427 Thread 0x00000241d3ad7cf0 created new Compiler JVMCI runtime 0 (0x00000241f90fd4d0)
Event: 0.427 Thread 0x00000241d3ad7cf0 attached to JVMCI runtime 0
Event: 0.434 Thread 0x00000241d3ad7cf0 loaded JVMCI shared library from C:\Users\qinky\scoop\apps\graalvm25\current\bin\jvmcicompiler.dll
Event: 0.441 Thread 0x00000241d3ad7cf0 created JavaVM[0]@0x00000241fc2f1298 for JVMCI runtime 0
Event: 0.441 Thread 0x00000241d3ad7cf0 initializing JVMCI runtime 0
Event: 0.441 Thread 0x00000241d3ad7cf0 initializing JavaVM references in JVMCI runtime 0
Event: 0.441 Thread 0x00000241d3ad7cf0 initialized JavaVM references in JVMCI runtime 0
Event: 0.441 Thread 0x00000241d3ad7cf0 initialized JVMCI runtime 0
Event: 0.637 Thread 0x00000241f9130550 created new CompileBroker JVMCI runtime 1 (0x000002418410e2a0)
Event: 0.637 Thread 0x00000241f9130550 attached to JVMCI runtime 1
Event: 0.639 Thread 0x00000241f9130550 created JavaVM[1]@0x00000249fc2f1298 for JVMCI runtime 1
Event: 0.639 Thread 0x00000241f9130550 initializing JVMCI runtime 1
Event: 0.639 Thread 0x00000241f9130550 done waiting for JavaVM references initialization in JVMCI runtime 1
Event: 0.639 Thread 0x00000241f9130550 initialized JVMCI runtime 1
Event: 0.681 Thread 0x00000241f9130550 uncaught exception in call_HotSpotJVMCIRuntime_compileMethod [nested exception occurred converting exception to string]
Event: 0.681 Thread 0x00000241f9130550 JVMCI upcall had an error: uncaught exception in call_HotSpotJVMCIRuntime_compileMethod [nested exception occurred converting exception to string]
Event: 0.681 Thread 0x00000241f9130550 nested exception occurred converting exception stack to string

Compilation events (20 events):
Event: 0.672 Thread 0x0000024184096130  336       3       jdk.internal.loader.BuiltinClassLoader::findLoadedModule (33 bytes)
Event: 0.672 Thread 0x0000024184096130 nmethod 336 0x00000241dfd36b88 code [0x00000241dfd36c80, 0x00000241dfd37e80]
Event: 0.672 Thread 0x0000024184096130  337       3       jdk.internal.loader.BuiltinClassLoader::loadClassOrNull (7 bytes)
Event: 0.673 Thread 0x0000024184096130 nmethod 337 0x00000241dfd37e88 code [0x00000241dfd37f80, 0x00000241dfd38298]
Event: 0.673 Thread 0x00000241f9136800 nmethod 333 0x00000241dfd38308 code [0x00000241dfd38400, 0x00000241dfd39ea0]
Event: 0.673 Thread 0x00000241f9136800  338       3       java.lang.StringUTF16::compress (47 bytes)
Event: 0.673 Thread 0x0000024184096130  339       3       java.util.jar.JarFile::maybeInstantiateVerifier (42 bytes)
Event: 0.673 Thread 0x00000241f9136800 nmethod 338 0x00000241dfd39f08 code [0x00000241dfd3a000, 0x00000241dfd3a238]
Event: 0.673 Thread 0x0000024184096130 nmethod 339 0x00000241dfd3a288 code [0x00000241dfd3a380, 0x00000241dfd3a6d0]
Event: 0.676 Thread 0x0000024184096130  340       3       java.io.WinNTFileSystem::normalize (148 bytes)
Event: 0.677 Thread 0x0000024184096130 nmethod 340 0x00000241dfd3a708 code [0x00000241dfd3a800, 0x00000241dfd3b9a8]
Event: 0.677 Thread 0x00000241f9130550  341       4       java.lang.String::hashCode (60 bytes)
Event: 0.677 Thread 0x00000241f9136800  342       3       java.lang.Class::getPackageName (81 bytes)
Event: 0.678 Thread 0x00000241f9136800 nmethod 342 0x00000241dfd3ba08 code [0x00000241dfd3bb00, 0x00000241dfd3dcb8]
Event: 0.678 Thread 0x00000241f9136800  344       3       java.util.Objects::checkFromIndexSize (8 bytes)
Event: 0.678 Thread 0x00000241f9136800 nmethod 344 0x00000241dfd3dd08 code [0x00000241dfd3de00, 0x00000241dfd3dff8]
Event: 0.679 Thread 0x00000241f9130550 nmethod 341 0x00000241e77f5c88 code [0x00000241e77f5d80, 0x00000241e77f5ef8]
Event: 0.679 Thread 0x00000241f9130550  343       4       java.util.concurrent.ConcurrentHashMap::casTabAt (20 bytes)
Event: 0.680 Thread 0x0000024184096130  346       3       java.lang.String::getChars (55 bytes)
Event: 0.681 Thread 0x0000024184096130 nmethod 346 0x00000241dfd3e008 code [0x00000241dfd3e100, 0x00000241dfd3ed40]

GC Heap Usage History (0 events):
No events

Metaspace Usage History (0 events):
No events

Dll operation events (6 events):
Event: 0.010 Loaded shared library C:\Users\qinky\scoop\apps\graalvm25\current\bin\java.dll
Event: 0.434 Loaded shared library C:\Users\qinky\scoop\apps\graalvm25\current\bin\jvmcicompiler.dll
Event: 0.620 Loaded shared library C:\Users\qinky\scoop\apps\graalvm25\25.0.1\bin\net.dll
Event: 0.627 Loaded shared library C:\Users\qinky\scoop\apps\graalvm25\25.0.1\bin\nio.dll
Event: 0.631 Loaded shared library C:\Users\qinky\scoop\apps\graalvm25\25.0.1\bin\zip.dll
Event: 0.651 Loaded shared library C:\Users\qinky\scoop\apps\graalvm25\25.0.1\bin\jimage.dll

Deoptimization events (0 events):
No events

Classes loaded (20 events):
Event: 0.651 Loading class sun/net/www/protocol/jrt/Handler
Event: 0.652 Loading class sun/net/www/protocol/jrt/Handler done
Event: 0.652 Loading class java/lang/UnsupportedOperationException
Event: 0.652 Loading class java/lang/UnsupportedOperationException done
Event: 0.654 Loading class java/io/StringWriter
Event: 0.654 Loading class java/io/StringWriter done
Event: 0.654 Loading class java/text/ParseException
Event: 0.654 Loading class java/text/ParseException done
Event: 0.671 Loading class java/util/concurrent/atomic/AtomicBoolean
Event: 0.671 Loading class java/util/concurrent/atomic/AtomicBoolean done
Event: 0.672 Loading class java/util/concurrent/atomic/AtomicIntegerArray
Event: 0.672 Loading class java/util/concurrent/atomic/AtomicIntegerArray done
Event: 0.672 Loading class java/net/URISyntaxException
Event: 0.672 Loading class java/net/URISyntaxException done
Event: 0.673 Loading class java/util/UUID
Event: 0.673 Loading class java/util/UUID done
Event: 0.674 Loading class java/util/Currency
Event: 0.674 Loading class java/util/Currency done
Event: 0.676 Loading class java/util/concurrent/atomic/AtomicLongArray
Event: 0.676 Loading class java/util/concurrent/atomic/AtomicLongArray done

Classes unloaded (0 events):
No events

Classes redefined (0 events):
No events

Internal exceptions (0 events):
No events

VM Operations (0 events):
No events

Memory protections (0 events):
No events

Nmethod flushes (0 events):
No events

Events (12 events):
Event: 0.254 Thread 0x00000241d3ad7cf0 Thread added: 0x00000241d3ad7cf0
Event: 0.301 Thread 0x00000241d3ad7cf0 Thread added: 0x00000241f9125ed0
Event: 0.302 Thread 0x00000241d3ad7cf0 Thread added: 0x00000241f91267e0
Event: 0.349 Thread 0x00000241d3ad7cf0 Thread added: 0x00000241f912aa20
Event: 0.349 Thread 0x00000241d3ad7cf0 Thread added: 0x00000241f912c5f0
Event: 0.349 Thread 0x00000241d3ad7cf0 Thread added: 0x00000241f912d1b0
Event: 0.349 Thread 0x00000241d3ad7cf0 Thread added: 0x00000241f912dd70
Event: 0.349 Thread 0x00000241d3ad7cf0 Thread added: 0x00000241f9130550
Event: 0.357 Thread 0x00000241d3ad7cf0 Thread added: 0x00000241f9136800
Event: 0.424 Thread 0x00000241f9136800 Thread added: 0x0000024184096130
Event: 0.447 Thread 0x00000241d3ad7cf0 Thread added: 0x00000241841178f0
Event: 0.448 Thread 0x00000241d3ad7cf0 Thread added: 0x000002418411e2a0


Dynamic libraries:
0x00007ff6564b0000 - 0x00007ff6564be000 	C:\Users\qinky\scoop\apps\graalvm25\current\bin\java.exe
0x00007ffa619d0000 - 0x00007ffa61bc8000 	C:\Windows\SYSTEM32\ntdll.dll
0x00007ffa60050000 - 0x00007ffa60112000 	C:\Windows\System32\KERNEL32.DLL
0x00007ffa5f4a0000 - 0x00007ffa5f796000 	C:\Windows\System32\KERNELBASE.dll
0x00007ffa59900000 - 0x00007ffa59994000 	C:\Windows\SYSTEM32\apphelp.dll
0x00007ffa5f870000 - 0x00007ffa5f970000 	C:\Windows\System32\ucrtbase.dll
0x00007ffa40400000 - 0x00007ffa40417000 	C:\Users\qinky\scoop\apps\graalvm25\current\bin\jli.dll
0x00007ffa60990000 - 0x00007ffa60b31000 	C:\Windows\System32\USER32.dll
0x00007ffa5f7a0000 - 0x00007ffa5f7c2000 	C:\Windows\System32\win32u.dll
0x00007ffa5fb70000 - 0x00007ffa5fb9b000 	C:\Windows\System32\GDI32.dll
0x00007ffa5f270000 - 0x00007ffa5f389000 	C:\Windows\System32\gdi32full.dll
0x00007ffa5f7d0000 - 0x00007ffa5f86d000 	C:\Windows\System32\msvcp_win.dll
0x00007ffa3fcb0000 - 0x00007ffa3fcce000 	C:\Users\qinky\scoop\apps\graalvm25\current\bin\VCRUNTIME140.dll
0x00007ffa5e400000 - 0x00007ffa5e69b000 	C:\Windows\WinSxS\amd64_microsoft.windows.common-controls_6595b64144ccf1df_6.0.19041.6456_none_60b8a6cb71f64256\COMCTL32.dll
0x00007ffa608f0000 - 0x00007ffa6098e000 	C:\Windows\System32\msvcrt.dll
0x00007ffa5fac0000 - 0x00007ffa5faef000 	C:\Windows\System32\IMM32.DLL
0x00007ffa42ae0000 - 0x00007ffa42aec000 	C:\Users\qinky\scoop\apps\graalvm25\current\bin\vcruntime140_1.dll
0x00007ffa1fa10000 - 0x00007ffa1fa9d000 	C:\Users\qinky\scoop\apps\graalvm25\current\bin\msvcp140.dll
0x00007ffa11f00000 - 0x00007ffa12e2d000 	C:\Users\qinky\scoop\apps\graalvm25\current\bin\server\jvm.dll
0x00007ffa61450000 - 0x00007ffa61501000 	C:\Windows\System32\ADVAPI32.dll
0x00007ffa616c0000 - 0x00007ffa6175f000 	C:\Windows\System32\sechost.dll
0x00007ffa606c0000 - 0x00007ffa607e0000 	C:\Windows\System32\RPCRT4.dll
0x00007ffa5f970000 - 0x00007ffa5f997000 	C:\Windows\System32\bcrypt.dll
0x00007ffa61650000 - 0x00007ffa616bb000 	C:\Windows\System32\WS2_32.dll
0x00007ffa5ec50000 - 0x00007ffa5ec9b000 	C:\Windows\SYSTEM32\POWRPROF.dll
0x00007ffa50d90000 - 0x00007ffa50db7000 	C:\Windows\SYSTEM32\WINMM.dll
0x00007ffa5b0d0000 - 0x00007ffa5b0da000 	C:\Windows\SYSTEM32\VERSION.dll
0x00007ffa5e790000 - 0x00007ffa5e7a2000 	C:\Windows\SYSTEM32\UMPDC.dll
0x00007ffa5d1b0000 - 0x00007ffa5d1c2000 	C:\Windows\SYSTEM32\kernel.appcore.dll
0x00007ffa428f0000 - 0x00007ffa428fa000 	C:\Users\qinky\scoop\apps\graalvm25\current\bin\jimage.dll
0x00007ffa5ea40000 - 0x00007ffa5ec41000 	C:\Windows\SYSTEM32\DBGHELP.DLL
0x00007ffa5e980000 - 0x00007ffa5e9b4000 	C:\Windows\SYSTEM32\dbgcore.DLL
0x00007ffa5f410000 - 0x00007ffa5f492000 	C:\Windows\System32\bcryptPrimitives.dll
0x00007ffa3fc70000 - 0x00007ffa3fc8f000 	C:\Users\qinky\scoop\apps\graalvm25\current\bin\java.dll
0x00007ffa61510000 - 0x00007ffa6163b000 	C:\Windows\System32\ole32.dll
0x00007ffa5fc90000 - 0x00007ffa5ffe4000 	C:\Windows\System32\combase.dll
0x00007ffa60c30000 - 0x00007ffa613a0000 	C:\Windows\System32\SHELL32.dll
0x00007ffa5c9f0000 - 0x00007ffa5d195000 	C:\Windows\SYSTEM32\windows.storage.dll
0x00007ffa5e300000 - 0x00007ffa5e32b000 	C:\Windows\SYSTEM32\Wldp.dll
0x00007ffa5f9f0000 - 0x00007ffa5fabd000 	C:\Windows\System32\OLEAUT32.dll
0x00007ffa60840000 - 0x00007ffa608ed000 	C:\Windows\System32\SHCORE.dll
0x00007ffa607e0000 - 0x00007ffa6083b000 	C:\Windows\System32\shlwapi.dll
0x00007ffa5ef90000 - 0x00007ffa5efb4000 	C:\Windows\SYSTEM32\profapi.dll
0x00007ffa06c40000 - 0x00007ffa0901c000 	C:\Users\qinky\scoop\apps\graalvm25\current\bin\jvmcicompiler.dll
0x00007ffa61640000 - 0x00007ffa61648000 	C:\Windows\System32\PSAPI.DLL
0x00007ffa5f110000 - 0x00007ffa5f26d000 	C:\Windows\System32\CRYPT32.dll
0x00007ffa5ef50000 - 0x00007ffa5ef7e000 	C:\Windows\SYSTEM32\USERENV.dll
0x00007ffa5e3d0000 - 0x00007ffa5e3f7000 	C:\Windows\SYSTEM32\ncrypt.dll
0x00007ffa5dd60000 - 0x00007ffa5dd9b000 	C:\Windows\SYSTEM32\IPHLPAPI.DLL
0x00007ffa5e060000 - 0x00007ffa5e0ca000 	C:\Windows\SYSTEM32\MSWSOCK.dll
0x00007ffa5e390000 - 0x00007ffa5e3cb000 	C:\Windows\SYSTEM32\NTASN1.dll
0x00007ffa3e530000 - 0x00007ffa3e542000 	C:\Users\qinky\scoop\apps\graalvm25\25.0.1\bin\net.dll
0x00007ffa34320000 - 0x00007ffa34336000 	C:\Users\qinky\scoop\apps\graalvm25\25.0.1\bin\nio.dll
0x00007ffa333a0000 - 0x00007ffa333b7000 	C:\Users\qinky\scoop\apps\graalvm25\25.0.1\bin\zip.dll

JVMTI agents: none

dbghelp: loaded successfully - version: 4.0.5 - missing functions: none
symbol engine: initialized successfully - sym options: 0x614 - pdb path: .;C:\Users\qinky\scoop\apps\graalvm25\current\bin;C:\Windows\SYSTEM32;C:\Windows\WinSxS\amd64_microsoft.windows.common-controls_6595b64144ccf1df_6.0.19041.6456_none_60b8a6cb71f64256;C:\Users\qinky\scoop\apps\graalvm25\current\bin\server;C:\Users\qinky\scoop\apps\graalvm25\25.0.1\bin

VM Arguments:
jvm_args: -XX:ThreadPriorityPolicy=1 -XX:+UnlockExperimentalVMOptions -XX:+EnableJVMCIProduct -XX:+EnableJVMCI -XX:-UnlockExperimentalVMOptions -Dfile.encoding=UTF-8 -Dstdout.encoding=UTF-8 -Dstderr.encoding=UTF-8 
java_command: com.qin.cli.QinCli sync
java_class_path (initial): d:\project\qkyproject\slime-java\qin\build\classes;d:\project\qkyproject\slime-java\qin\lib\gson-2.10.1.jar;d:\project\qkyproject\slime-java\qin\lib\coursier.jar
Launcher Type: SUN_STANDARD

[Global flags]
     intx CICompilerCount                          = 4                                         {product} {ergonomic}
     uint ConcGCThreads                            = 2                                         {product} {ergonomic}
     bool EagerJVMCI                               = true                                {JVMCI product} {ergonomic}
     bool EnableJVMCI                              = true                                {JVMCI product} {jimage}
     bool EnableJVMCIProduct                       = true                                {JVMCI product} {jimage}
     uint G1ConcRefinementThreads                  = 8                                         {product} {ergonomic}
   size_t G1HeapRegionSize                         = 4194304                                   {product} {ergonomic}
   size_t InitialHeapSize                          = 536870912                                 {product} {ergonomic}
   size_t MarkStackSize                            = 4194304                                   {product} {ergonomic}
   size_t MarkStackSizeMax                         = 536870912                                 {product} {ergonomic}
   size_t MaxHeapSize                              = 8556380160                                {product} {ergonomic}
   size_t MaxNewSize                               = 5133828096                                {product} {ergonomic}
   size_t MinHeapDeltaBytes                        = 4194304                                   {product} {ergonomic}
   size_t MinHeapSize                              = 8388608                                   {product} {ergonomic}
    uintx NonNMethodCodeHeapSize                   = 6356992                                {pd product} {ergonomic}
    uintx NonProfiledCodeHeapSize                  = 122683392                              {pd product} {ergonomic}
    uintx ProfiledCodeHeapSize                     = 122617856                              {pd product} {ergonomic}
    uintx ReservedCodeCacheSize                    = 251658240                              {pd product} {ergonomic}
     bool SegmentedCodeCache                       = true                                      {product} {ergonomic}
   size_t SoftMaxHeapSize                          = 8556380160                             {manageable} {ergonomic}
      int ThreadPriorityPolicy                     = 1                                         {product} {jimage}
     bool UseCompressedOops                        = true                           {product lp64_product} {ergonomic}
     bool UseG1GC                                  = true                                      {product} {ergonomic}
     bool UseLargePagesIndividualAllocation        = false                                  {pd product} {ergonomic}

Logging:
Log output configuration:
 #0: stdout all=warning uptime,level,tags foldmultilines=false
 #1: stderr all=off uptime,level,tags foldmultilines=false

Release file:
IMPLEMENTOR="GraalVM Community" 
JAVA_RUNTIME_VERSION="25.0.1+8-jvmci-b01" 
JAVA_VERSION="25.0.1" 
JAVA_VERSION_DATE="2025-10-21" 
LIBC="default" 
MODULES="java.base java.logging jdk.internal.vm.ci org.graalvm.collections java.management jdk.management jdk.unsupported org.graalvm.truffle.compiler org.graalvm.word jdk.graal.compiler com.oracle.graal.graal_enterprise org.graalvm.nativeimage com.oracle.svm.enterprise.truffle com.oracle.svm.extraimage_enterprise com.oracle.svm.svm_enterprise com.oracle.svm_enterprise.ml_dataset com.oracle.truffle.enterprise.svm java.compiler java.datatransfer java.xml java.prefs java.desktop java.instrument java.security.sasl java.naming java.rmi java.management.rmi java.net.http java.scripting java.security.jgss java.transaction.xa java.sql java.sql.rowset java.xml.crypto java.se java.smartcardio jdk.accessibility jdk.internal.jvmstat jdk.attach jdk.charsets jdk.internal.opt jdk.zipfs jdk.compiler jdk.crypto.cryptoki jdk.crypto.ec jdk.crypto.mscapi jdk.dynalink jdk.internal.ed jdk.editpad jdk.graal.compiler.management jdk.hotspot.agent jdk.httpserver jdk.incubator.vector jdk.internal.le jdk.internal.md jdk.jartool jdk.javadoc jdk.jcmd jdk.management.agent jdk.jconsole jdk.jdeps jdk.jdwp.agent jdk.jdi jdk.jfr jdk.jlink jdk.jpackage jdk.jshell jdk.jsobject jdk.jstatd jdk.localedata jdk.management.jfr jdk.naming.dns jdk.naming.rmi jdk.net jdk.nio.mapmode jdk.sctp jdk.security.auth jdk.security.jgss jdk.unsupported.desktop jdk.xml.dom org.graalvm.extraimage.builder org.graalvm.extraimage.librarysupport org.graalvm.nativeimage.libgraal org.graalvm.nativeimage.llvm org.graalvm.webimage.api" 
OS_ARCH="x86_64" 
OS_NAME="Windows" 
SOURCE=".:git:dfc259ea538a+ labsjdk-builder:77e64f276fc1eef3c49958fe0745198a1a86f9a4 compiler:05ec02567a77a30cc41b8ad9174de0dc5737ceaf espresso-shared:05ec02567a77a30cc41b8ad9174de0dc5737ceaf regex:05ec02567a77a30cc41b8ad9174de0dc5737ceaf sdk:05ec02567a77a30cc41b8ad9174de0dc5737ceaf substratevm:05ec02567a77a30cc41b8
Environment Variables:
JAVA_HOME=C:\Users\qinky\scoop\apps\graalvm25\current
PATH=C:\Program Files\Python314\Scripts\;C:\Program Files\Python314\;C:\Windows\system32;C:\Windows;C:\Windows\System32\Wbem;C:\Windows\System32\WindowsPowerShell\v1.0\;C:\Windows\System32\OpenSSH\;C:\Program Files\Git\cmd;C:\Program Files\TortoiseGit\bin;C:\Program Files\nodejs\;C:\Program Files\Go\bin;C:\Program Files\cursor\resources\app\bin;C:\Program Files\PuTTY\;C:\Users\qinky\scoop\apps\coursier\current\bin;C:\Users\qinky\scoop\apps\graalvm25\current\bin;C:\Users\qinky\scoop\shims;C:\Users\qinky\AppData\Local\Microsoft\WindowsApps;C:\Users\qinky\AppData\Local\Programs\Kiro\bin;C:\Users\qinky\AppData\Local\Programs\Microsoft VS Code\bin;C:\Users\qinky\AppData\Local\Programs\Antigravity\bin;C:\Users\qinky\AppData\Roaming\npm;C:\Program Files\JetBrains\WebStorm 2025.3.1\bin;C:\Users\qinky\.local\bin\Antihub;C:\Users\qinky\AppData\Local\Python\bin;C:\Users\qinky\go\bin;D:\project\qkyproject\slime-java\qin;C:\Program Files\JetBrains\IntelliJ IDEA 2025.3.1\bin
USERNAME=qinky
OS=Windows_NT
PROCESSOR_IDENTIFIER=Intel64 Family 6 Model 158 Stepping 13, GenuineIntel
TMP=C:\Users\qinky\AppData\Local\Temp
TEMP=C:\Users\qinky\AppData\Local\Temp




Compilation memory statistics disabled.

Periodic native trim disabled

---------------  S Y S T E M  ---------------

OS:
 Windows 10 , 64 bit Build 19041 (10.0.19041.5915)
OS uptime: 1 days 15:58 hours
Hyper-V role detected

CPU: total 8 (initial active 8) (8 cores per cpu, 1 threads per core) family 6 model 158 stepping 13 microcode 0xb8, cx8, cmov, fxsr, mmx, 3dnowpref, sse, sse2, sse3, ssse3, sse4.1, sse4.2, popcnt, lzcnt, tsc, tscinvbit, avx, avx2, aes, erms, clmul, bmi1, bmi2, rtm, adx, fma, vzeroupper, clflush, clflushopt, hv, rdtscp, f16c
Processor Information for the first 8 processors :
  Max Mhz: 3000, Current Mhz: 3000, Mhz Limit: 3000

Memory: 4k page, system-wide physical 32631M (10089M free)
TotalPageFile size 67783M (AvailPageFile size 58M)
current process WorkingSet (physical memory assigned to process): 79M, peak: 79M
current process commit charge ("private bytes"): 654M, peak: 654M

vm_info: OpenJDK 64-Bit Server VM (25.0.1+8-jvmci-b01) for windows-amd64 JRE (25.0.1+8-jvmci-b01), built on 2025-10-01T13:59:55Z with unknown MS VC++:1943

END.
