[34m-> Loading configuration...[0m
  [local] java-base -> java-base
  [local] com.qin:qin-runtime-core -> qin-runtime-core
  [local] com.qin:qin-lang-backend-js -> qin-lang-backend-js
  [local] com.qin:qin-lang-runtime -> qin-lang-runtime
    [build] Compiling qin-lang-runtime...
    [ok] Compiled successfully
  [local] com.qin:qin-lang-lowering-jvm -> qin-lang-lowering-jvm
    [build] Compiling qin-lang-lowering-jvm...
    [ok] Compiled successfully
  [local] com.qin:qin-lang-ir -> qin-lang-ir
    [build] Compiling qin-lang-ir...
    [ok] Compiled successfully
  [local] com.qin:qin-lang-frontend-adapter -> qin-lang-frontend-adapter
    [build] Compiling qin-lang-frontend-adapter...
    [ok] Compiled successfully
  [local] com.qin:qin-lang-module-resolver -> qin-lang-module-resolver
  [local] com.qin:qin-lang-backend-jvm -> qin-lang-backend-jvm
    [build] Compiling qin-lang-backend-jvm...
    [ok] Compiled successfully
  [local] com.qin:qin-lang-module-policy -> qin-lang-module-policy
  [local] com.qin:qin-lang-sema-esm -> qin-lang-sema-esm
  [local] com.qin:qin-lang-pipeline-cfa -> qin-lang-pipeline-cfa
    [build] Compiling qin-lang-pipeline-cfa...
    [ok] Compiled successfully
  [local] com.slime:slime-parser -> slime-parser
  [local] com.slime:slime-token -> slime-token
  [local] com.slime:slime-ast -> slime-ast
  [local] com.subhuti:subhuti-java -> subhuti-java
  [ok] Auto-compiled 6 local project(s)
[34m-> Using cached dependencies (.qin/classpath.json)[0m
[34m-> Compiling and running...[0m
  -> Compiling 1 file(s)...
  [DEBUG] Compile classpath: D:\project\qkyproject\qinall\qin\examples\apps\hello-java\build\classes;D:\project\qkyproject\qinall\qin\examples\packages\java-base\build\classes;D:\project\qkyproject\qinall\qin\packages\qin-runtime...
[ByteBuddy] ª∫¥Ê¥Û–°: 0, parserClass hashCode: 1612799726, ¿‡º”‘ÿ∆˜: jdk.internal.loader.ClassLoaders$AppClassLoader@2a139a55
[ByteBuddy] ’˝‘⁄¥¥Ω®‘ˆ«ø¿‡: com.slime.parser.SlimeParser
[ByteBuddy] ∑¢œ÷ @SubhutiRule ∑Ω∑®: SlimeParser.parse
[ByteBuddy] ∑¢œ÷ @SubhutiRule ∑Ω∑®: SlimeParser.ClassTail
[ByteBuddy] ∑¢œ÷ @SubhutiRule ∑Ω∑®: SlimeParser.ClassElement
[ByteBuddy] ∑¢œ÷ @SubhutiRule ∑Ω∑®: SlimeParser.GeneratorExpression
[ByteBuddy] ∑¢œ÷ @SubhutiRule ∑Ω∑®: SlimeParser.AsyncFunctionDeclaration
[ByteBuddy] ∑¢œ÷ @SubhutiRule ∑Ω∑®: SlimeParser.MethodDefinition
[ByteBuddy] ∑¢œ÷ @SubhutiRule ∑Ω∑®: SlimeParser.AsyncFunctionExpression
[ByteBuddy] ∑¢œ÷ @SubhutiRule ∑Ω∑®: SlimeParser.AsyncGeneratorDeclaration
[ByteBuddy] ∑¢œ÷ @SubhutiRule ∑Ω∑®: SlimeParser.TSAsExpressionTail
[ByteBuddy] ∑¢œ÷ @SubhutiRule ∑Ω∑®: SlimeParser.TSAccessibilityModifier
[ByteBuddy] π≤∑¢œ÷ 349 ∏ˆ @SubhutiRule ∑Ω∑®
[ByteBuddy] ¥¥Ω®‘ˆ«ø¿‡≥…π¶: com.slime.parser.SlimeParser$ByteBuddy$L9HN2B9a (“—ª∫¥Ê)

  .   ____          _            __ _ _
 /\\ / ___'_ __ _ _(_)_ __  __ _ \ \ \ \
( ( )\___ | '_ | '_| | '_ \/ _` | \ \ \ \
 \\/  ___)| |_)| | | | | || (_| |  ) ) ) )
  '  |____| .__|_| |_|_| |_\__, | / / / /
 =========|_|==============|___/=/_/_/_/

 :: Spring Boot ::                (v4.0.6)

2026-05-22T12:10:50.183+08:00  INFO 48520 --- [           main] server.Main                              : Starting Main using Java 25.0.3 with PID 48520 (D:\project\qkyproject\qinall\qin\examples\apps\hello-java\build\classes started by qinky in D:\project\qkyproject\qinall\qin\examples\apps\hello-java)
2026-05-22T12:10:50.187+08:00  INFO 48520 --- [           main] server.Main                              : No active profile set, falling back to 1 default profile: "default"
2026-05-22T12:10:51.082+08:00  INFO 48520 --- [           main] o.s.boot.tomcat.TomcatWebServer          : Tomcat initialized with port 18081 (http)
2026-05-22T12:10:51.101+08:00  INFO 48520 --- [           main] o.apache.catalina.core.StandardService   : Starting service [Tomcat]
2026-05-22T12:10:51.102+08:00  INFO 48520 --- [           main] o.apache.catalina.core.StandardEngine    : Starting Servlet engine: [Apache Tomcat/11.0.21]
2026-05-22T12:10:51.156+08:00  INFO 48520 --- [           main] b.w.c.s.WebApplicationContextInitializer : Root WebApplicationContext: initialization completed in 914 ms
2026-05-22T12:10:51.511+08:00  INFO 48520 --- [           main] o.s.boot.tomcat.TomcatWebServer          : Tomcat started on port 18081 (http) with context path '/'
2026-05-22T12:10:51.520+08:00  INFO 48520 --- [           main] server.Main                              : Started Main in 1.751 seconds (process running for 3.173)
Qin Spring Boot server started
  url: http://localhost:18081
  api: http://localhost:18081/api/hello
2026-05-22T12:10:51.646+08:00  INFO 48520 --- [io-18081-exec-1] o.a.c.c.C.[Tomcat].[localhost].[/]       : Initializing Spring DispatcherServlet 'dispatcherServlet'
2026-05-22T12:10:51.647+08:00  INFO 48520 --- [io-18081-exec-1] o.s.web.servlet.DispatcherServlet        : Initializing Servlet 'dispatcherServlet'
2026-05-22T12:10:51.648+08:00  INFO 48520 --- [io-18081-exec-1] o.s.web.servlet.DispatcherServlet        : Completed initialization in 1 ms
