[34m-> Loading configuration...[0m
  [local] com.qin:qin-runtime-core -> qin-runtime-core
    [build] Compiling qin-runtime-core...
    [ok] Compiled successfully
  [local] java-base -> java-base
  [local] com.qin:qin-lang-frontend-adapter -> qin-lang-frontend-adapter
    [build] Compiling qin-lang-frontend-adapter...
    [ok] Compiled successfully
  [local] com.qin:qin-lang-ir -> qin-lang-ir
    [build] Compiling qin-lang-ir...
    [ok] Compiled successfully
  [local] com.qin:qin-lang-lowering-jvm -> qin-lang-lowering-jvm
    [build] Compiling qin-lang-lowering-jvm...
    [ok] Compiled successfully
  [local] com.qin:qin-lang-runtime -> qin-lang-runtime
    [build] Compiling qin-lang-runtime...
    [ok] Compiled successfully
  [local] com.qin:qin-lang-backend-js -> qin-lang-backend-js
  [local] com.qin:qin-lang-pipeline-cfa -> qin-lang-pipeline-cfa
    [build] Compiling qin-lang-pipeline-cfa...
    [ok] Compiled successfully
  [local] com.qin:qin-lang-sema-esm -> qin-lang-sema-esm
  [local] com.qin:qin-lang-module-policy -> qin-lang-module-policy
  [local] com.qin:qin-lang-backend-jvm -> qin-lang-backend-jvm
    [build] Compiling qin-lang-backend-jvm...
    [ok] Compiled successfully
  [local] com.qin:qin-lang-module-resolver -> qin-lang-module-resolver
  [local] com.slime:slime-parser -> slime-parser
  [local] com.slime:slime-token -> slime-token
  [local] com.subhuti:subhuti-java -> subhuti-java
  [local] com.slime:slime-ast -> slime-ast
  [ok] Auto-compiled 7 local project(s)
[34m-> Using cached dependencies (.qin/classpath.json)[0m
[34m-> Compiling and running...[0m
  -> Compiling 1 file(s)...
  [DEBUG] Compile classpath: D:\project\qkyproject\qinall\qin\examples\apps\hello-java\build\classes;D:\project\qkyproject\qinall\qin\packages\qin-runtime-core\build\classes;D:\project\qkyproject\qinall\qin\examples\packages\java...
[ByteBuddy] ª∫¥Ê¥Û–°: 0, parserClass hashCode: 1237598030, ¿‡º”‘ÿ∆˜: jdk.internal.loader.ClassLoaders$AppClassLoader@2a139a55
[ByteBuddy] ’˝‘⁄¥¥Ω®‘ˆ«ø¿‡: com.slime.parser.SlimeParser
[ByteBuddy] ∑¢œ÷ @SubhutiRule ∑Ω∑®: SlimeParser.parse
[ByteBuddy] ∑¢œ÷ @SubhutiRule ∑Ω∑®: SlimeParser.ClassTail
[ByteBuddy] ∑¢œ÷ @SubhutiRule ∑Ω∑®: SlimeParser.CoverParenthesizedExpressionAndArrowParameterList
[ByteBuddy] ∑¢œ÷ @SubhutiRule ∑Ω∑®: SlimeParser.CallExpression
[ByteBuddy] ∑¢œ÷ @SubhutiRule ∑Ω∑®: SlimeParser.AssignmentExpression
[ByteBuddy] ∑¢œ÷ @SubhutiRule ∑Ω∑®: SlimeParser.MemberExpression
[ByteBuddy] ∑¢œ÷ @SubhutiRule ∑Ω∑®: SlimeParser.UpdateExpression
[ByteBuddy] ∑¢œ÷ @SubhutiRule ∑Ω∑®: SlimeParser.UnaryExpression
[ByteBuddy] ∑¢œ÷ @SubhutiRule ∑Ω∑®: SlimeParser.ImportSpecifier
[ByteBuddy] ∑¢œ÷ @SubhutiRule ∑Ω∑®: SlimeParser.ClassExpression
[ByteBuddy] π≤∑¢œ÷ 349 ∏ˆ @SubhutiRule ∑Ω∑®
[ByteBuddy] ¥¥Ω®‘ˆ«ø¿‡≥…π¶: com.slime.parser.SlimeParser$ByteBuddy$ftlVfAgJ (“—ª∫¥Ê)

  .   ____          _            __ _ _
 /\\ / ___'_ __ _ _(_)_ __  __ _ \ \ \ \
( ( )\___ | '_ | '_| | '_ \/ _` | \ \ \ \
 \\/  ___)| |_)| | | | | || (_| |  ) ) ) )
  '  |____| .__|_| |_|_| |_\__, | / / / /
 =========|_|==============|___/=/_/_/_/

 :: Spring Boot ::                (v4.0.6)

2026-05-22T12:20:52.752+08:00  INFO 62448 --- [           main] server.Main                              : Starting Main using Java 25.0.3 with PID 62448 (D:\project\qkyproject\qinall\qin\examples\apps\hello-java\build\classes started by qinky in D:\project\qkyproject\qinall\qin\examples\apps\hello-java)
2026-05-22T12:20:52.757+08:00  INFO 62448 --- [           main] server.Main                              : No active profile set, falling back to 1 default profile: "default"
2026-05-22T12:20:53.656+08:00  INFO 62448 --- [           main] o.s.boot.tomcat.TomcatWebServer          : Tomcat initialized with port 18084 (http)
2026-05-22T12:20:53.684+08:00  INFO 62448 --- [           main] o.apache.catalina.core.StandardService   : Starting service [Tomcat]
2026-05-22T12:20:53.684+08:00  INFO 62448 --- [           main] o.apache.catalina.core.StandardEngine    : Starting Servlet engine: [Apache Tomcat/11.0.21]
2026-05-22T12:20:53.747+08:00  INFO 62448 --- [           main] b.w.c.s.WebApplicationContextInitializer : Root WebApplicationContext: initialization completed in 945 ms
2026-05-22T12:20:54.099+08:00  WARN 62448 --- [           main] ConfigServletWebServerApplicationContext : Exception encountered during context initialization - cancelling refresh attempt: org.springframework.context.ApplicationContextException: Failed to start bean 'webServerStartStop'
2026-05-22T12:20:54.111+08:00  INFO 62448 --- [           main] .s.b.a.l.ConditionEvaluationReportLogger : 

Error starting ApplicationContext. To display the condition evaluation report re-run your application with 'debug' enabled.
2026-05-22T12:20:54.122+08:00 ERROR 62448 --- [           main] o.s.b.d.LoggingFailureAnalysisReporter   : 

***************************
APPLICATION FAILED TO START
***************************

Description:

Web server failed to start. Port 18084 was already in use.

Action:

Identify and stop the process that's listening on port 18084 or configure this application to listen on another port.

