[34m-> Loading configuration...[0m
  [local] java-base -> java-base
  [local] com.qin:qin-runtime-core -> qin-runtime-core
    [build] Compiling qin-runtime-core...
    [ok] Compiled successfully
  [local] com.qin:qin-lang-sema-esm -> qin-lang-sema-esm
  [local] com.qin:qin-lang-pipeline-cfa -> qin-lang-pipeline-cfa
    [build] Compiling qin-lang-pipeline-cfa...
    [ok] Compiled successfully
  [local] com.qin:qin-lang-backend-js -> qin-lang-backend-js
  [local] com.qin:qin-lang-runtime -> qin-lang-runtime
    [build] Compiling qin-lang-runtime...
    [ok] Compiled successfully
  [local] com.qin:qin-lang-lowering-jvm -> qin-lang-lowering-jvm
    [build] Compiling qin-lang-lowering-jvm...
    [ok] Compiled successfully
  [local] com.qin:qin-lang-ir -> qin-lang-ir
    [build] Compiling qin-lang-ir...
    [ok] Compiled successfully
  [local] com.qin:qin-lang-frontend-adapter -> qin-lang-frontend-adapter
    [build] Compiling qin-lang-frontend-adapter...
    [ok] Compiled successfully
  [local] com.qin:qin-lang-module-resolver -> qin-lang-module-resolver
  [local] com.qin:qin-lang-backend-jvm -> qin-lang-backend-jvm
    [build] Compiling qin-lang-backend-jvm...
    [ok] Compiled successfully
  [local] com.qin:qin-lang-module-policy -> qin-lang-module-policy
  [local] com.slime:slime-parser -> slime-parser
  [local] com.subhuti:subhuti-java -> subhuti-java
  [local] com.slime:slime-token -> slime-token
  [local] com.slime:slime-ast -> slime-ast
  [ok] Auto-compiled 7 local project(s)
[34m-> Using cached dependencies (.qin/classpath.json)[0m
[34m-> Compiling and running...[0m
  [OK] No Java changes detected, skip compile (cache)
[ByteBuddy] ª∫¥Ê¥Û–°: 0, parserClass hashCode: 1237598030, ¿‡º”‘ÿ∆˜: jdk.internal.loader.ClassLoaders$AppClassLoader@2a139a55
[ByteBuddy] ’˝‘⁄¥¥Ω®‘ˆ«ø¿‡: com.slime.parser.SlimeParser
[ByteBuddy] ∑¢œ÷ @SubhutiRule ∑Ω∑®: SlimeParser.parse
[ByteBuddy] ∑¢œ÷ @SubhutiRule ∑Ω∑®: SlimeParser.MemberExpression
[ByteBuddy] ∑¢œ÷ @SubhutiRule ∑Ω∑®: SlimeParser.CallExpression
[ByteBuddy] ∑¢œ÷ @SubhutiRule ∑Ω∑®: SlimeParser.AssignmentExpression
[ByteBuddy] ∑¢œ÷ @SubhutiRule ∑Ω∑®: SlimeParser.ClassExpression
[ByteBuddy] ∑¢œ÷ @SubhutiRule ∑Ω∑®: SlimeParser.UnaryExpression
[ByteBuddy] ∑¢œ÷ @SubhutiRule ∑Ω∑®: SlimeParser.UpdateExpression
[ByteBuddy] ∑¢œ÷ @SubhutiRule ∑Ω∑®: SlimeParser.FunctionExpression
[ByteBuddy] ∑¢œ÷ @SubhutiRule ∑Ω∑®: SlimeParser.FunctionDeclaration
[ByteBuddy] ∑¢œ÷ @SubhutiRule ∑Ω∑®: SlimeParser.ImportSpecifier
[ByteBuddy] π≤∑¢œ÷ 349 ∏ˆ @SubhutiRule ∑Ω∑®
[ByteBuddy] ¥¥Ω®‘ˆ«ø¿‡≥…π¶: com.slime.parser.SlimeParser$ByteBuddy$EI7RWHbE (“—ª∫¥Ê)

  .   ____          _            __ _ _
 /\\ / ___'_ __ _ _(_)_ __  __ _ \ \ \ \
( ( )\___ | '_ | '_| | '_ \/ _` | \ \ \ \
 \\/  ___)| |_)| | | | | || (_| |  ) ) ) )
  '  |____| .__|_| |_|_| |_\__, | / / / /
 =========|_|==============|___/=/_/_/_/

 :: Spring Boot ::                (v4.0.6)

2026-05-22T12:23:25.107+08:00  INFO 14352 --- [           main] server.Main                              : Starting Main using Java 25.0.3 with PID 14352 (D:\project\qkyproject\qinall\qin\examples\apps\hello-java\build\classes started by qinky in D:\project\qkyproject\qinall\qin\examples\apps\hello-java)
2026-05-22T12:23:25.112+08:00  INFO 14352 --- [           main] server.Main                              : No active profile set, falling back to 1 default profile: "default"
2026-05-22T12:23:26.047+08:00  INFO 14352 --- [           main] o.s.boot.tomcat.TomcatWebServer          : Tomcat initialized with port 19081 (http)
2026-05-22T12:23:26.067+08:00  INFO 14352 --- [           main] o.apache.catalina.core.StandardService   : Starting service [Tomcat]
2026-05-22T12:23:26.068+08:00  INFO 14352 --- [           main] o.apache.catalina.core.StandardEngine    : Starting Servlet engine: [Apache Tomcat/11.0.21]
2026-05-22T12:23:26.121+08:00  INFO 14352 --- [           main] b.w.c.s.WebApplicationContextInitializer : Root WebApplicationContext: initialization completed in 959 ms
2026-05-22T12:23:26.528+08:00  INFO 14352 --- [           main] o.s.boot.tomcat.TomcatWebServer          : Tomcat started on port 19081 (http) with context path '/'
2026-05-22T12:23:26.535+08:00  INFO 14352 --- [           main] server.Main                              : Started Main in 1.81 seconds (process running for 3.234)
Qin Spring Boot server started
  url: http://localhost:19081
  api: http://localhost:19081/api/hello
2026-05-22T12:23:26.708+08:00  INFO 14352 --- [io-19081-exec-1] o.a.c.c.C.[Tomcat].[localhost].[/]       : Initializing Spring DispatcherServlet 'dispatcherServlet'
2026-05-22T12:23:26.709+08:00  INFO 14352 --- [io-19081-exec-1] o.s.web.servlet.DispatcherServlet        : Initializing Servlet 'dispatcherServlet'
2026-05-22T12:23:26.711+08:00  INFO 14352 --- [io-19081-exec-1] o.s.web.servlet.DispatcherServlet        : Completed initialization in 2 ms
