[34m-> Loading configuration...[0m
  [local] com.qin:qin-runtime-core -> qin-runtime-core
    [build] Compiling qin-runtime-core...
    [ok] Compiled successfully
  [local] java-base -> java-base
  [local] com.qin:qin-lang-sema-esm -> qin-lang-sema-esm
  [local] com.qin:qin-lang-ir -> qin-lang-ir
  [local] com.qin:qin-lang-backend-js -> qin-lang-backend-js
  [local] com.qin:qin-lang-runtime -> qin-lang-runtime
    [build] Compiling qin-lang-runtime...
    [ok] Compiled successfully
  [local] com.qin:qin-lang-lowering-jvm -> qin-lang-lowering-jvm
    [build] Compiling qin-lang-lowering-jvm...
    [ok] Compiled successfully
  [local] com.qin:qin-lang-pipeline-cfa -> qin-lang-pipeline-cfa
  [local] com.qin:qin-lang-module-policy -> qin-lang-module-policy
  [local] com.qin:qin-lang-backend-jvm -> qin-lang-backend-jvm
    [build] Compiling qin-lang-backend-jvm...
    [ok] Compiled successfully
  [local] com.qin:qin-lang-module-resolver -> qin-lang-module-resolver
  [local] com.qin:qin-lang-frontend-adapter -> qin-lang-frontend-adapter
    [build] Compiling qin-lang-frontend-adapter...
    [ok] Compiled successfully
  [local] com.slime:slime-parser -> slime-parser
    [build] Compiling slime-parser...
    [ok] Compiled successfully
  [local] com.subhuti:subhuti-java -> subhuti-java
  [local] com.slime:slime-token -> slime-token
  [local] com.slime:slime-ast -> slime-ast
    [build] Compiling slime-ast...
    [ok] Compiled successfully
  [ok] Auto-compiled 7 local project(s)
[34m-> Using cached dependencies (.qin/classpath.json)[0m
[34m-> Compiling and running...[0m
  -> Compiling 1 file(s)...
  [DEBUG] Compile classpath: D:\project\qkyproject\qinall\qin\examples\apps\hello-java\build\classes;D:\project\qkyproject\qinall\qin\packages\qin-runtime-core\build\classes;D:\project\qkyproject\qinall\qin\examples\packages\java...
[ByteBuddy] ª∫¥Ê¥Û–°: 0, parserClass hashCode: 985655350, ¿‡º”‘ÿ∆˜: jdk.internal.loader.ClassLoaders$AppClassLoader@2a139a55
[ByteBuddy] ’˝‘⁄¥¥Ω®‘ˆ«ø¿‡: com.slime.parser.SlimeParser
[ByteBuddy] ∑¢œ÷ @SubhutiRule ∑Ω∑®: SlimeParser.parse
[ByteBuddy] ∑¢œ÷ @SubhutiRule ∑Ω∑®: SlimeParser.CoverCallExpressionAndAsyncArrowHead
[ByteBuddy] ∑¢œ÷ @SubhutiRule ∑Ω∑®: SlimeParser.BindingIdentifier
[ByteBuddy] ∑¢œ÷ @SubhutiRule ∑Ω∑®: SlimeParser.FormalParameters
[ByteBuddy] ∑¢œ÷ @SubhutiRule ∑Ω∑®: SlimeParser.TSDecorator
[ByteBuddy] ∑¢œ÷ @SubhutiRule ∑Ω∑®: SlimeParser.UnaryExpression
[ByteBuddy] ∑¢œ÷ @SubhutiRule ∑Ω∑®: SlimeParser.TSTypeAssertion
[ByteBuddy] ∑¢œ÷ @SubhutiRule ∑Ω∑®: SlimeParser.TSNonNullExpressionTail
[ByteBuddy] ∑¢œ÷ @SubhutiRule ∑Ω∑®: SlimeParser.Declaration
[ByteBuddy] ∑¢œ÷ @SubhutiRule ∑Ω∑®: SlimeParser.FieldDefinition
[ByteBuddy] π≤∑¢œ÷ 349 ∏ˆ @SubhutiRule ∑Ω∑®
[ByteBuddy] ¥¥Ω®‘ˆ«ø¿‡≥…π¶: com.slime.parser.SlimeParser$ByteBuddy$rKHfty6L (“—ª∫¥Ê)

  .   ____          _            __ _ _
 /\\ / ___'_ __ _ _(_)_ __  __ _ \ \ \ \
( ( )\___ | '_ | '_| | '_ \/ _` | \ \ \ \
 \\/  ___)| |_)| | | | | || (_| |  ) ) ) )
  '  |____| .__|_| |_|_| |_\__, | / / / /
 =========|_|==============|___/=/_/_/_/
 :: Spring Boot ::                (v3.2.0)

2026-05-21T21:40:43.323+08:00  INFO 61300 --- [           main] server.Main                              : Starting Main using Java 25.0.3 with PID 61300 (D:\project\qkyproject\qinall\qin\examples\apps\hello-java\build\classes started by qinky in D:\project\qkyproject\qinall\qin\examples\apps\hello-java)
2026-05-21T21:40:43.327+08:00  INFO 61300 --- [           main] server.Main                              : No active profile set, falling back to 1 default profile: "default"
2026-05-21T21:40:44.315+08:00  INFO 61300 --- [           main] o.s.b.w.embedded.tomcat.TomcatWebServer  : Tomcat initialized with port 18093 (http)
2026-05-21T21:40:44.329+08:00  INFO 61300 --- [           main] o.apache.catalina.core.StandardService   : Starting service [Tomcat]
2026-05-21T21:40:44.329+08:00  INFO 61300 --- [           main] o.apache.catalina.core.StandardEngine    : Starting Servlet engine: [Apache Tomcat/10.1.16]
2026-05-21T21:40:44.400+08:00  INFO 61300 --- [           main] o.a.c.c.C.[Tomcat].[localhost].[/]       : Initializing Spring embedded WebApplicationContext
2026-05-21T21:40:44.401+08:00  INFO 61300 --- [           main] w.s.c.ServletWebServerApplicationContext : Root WebApplicationContext: initialization completed in 1034 ms
2026-05-21T21:40:44.841+08:00  INFO 61300 --- [           main] o.s.b.w.embedded.tomcat.TomcatWebServer  : Tomcat started on port 18093 (http) with context path ''
2026-05-21T21:40:44.847+08:00  INFO 61300 --- [           main] server.Main                              : Started Main in 1.823 seconds (process running for 3.084)
Qin Spring Boot server started
  url: http://localhost:18093
  api: http://localhost:18093/api/hello
2026-05-21T21:42:12.929+08:00  INFO 61300 --- [io-18093-exec-2] o.a.c.c.C.[Tomcat].[localhost].[/]       : Initializing Spring DispatcherServlet 'dispatcherServlet'
2026-05-21T21:42:12.929+08:00  INFO 61300 --- [io-18093-exec-2] o.s.web.servlet.DispatcherServlet        : Initializing Servlet 'dispatcherServlet'
2026-05-21T21:42:12.930+08:00  INFO 61300 --- [io-18093-exec-2] o.s.web.servlet.DispatcherServlet        : Completed initialization in 0 ms
