[34m-> Loading configuration...[0m
  [local] java-base -> java-base
  [local] com.qin:qin-runtime-core -> qin-runtime-core
    [build] Compiling qin-runtime-core...
    [ok] Compiled successfully
  [local] com.qin:qin-lang-backend-js -> qin-lang-backend-js
  [local] com.qin:qin-lang-ir -> qin-lang-ir
  [local] com.qin:qin-lang-sema-esm -> qin-lang-sema-esm
  [local] com.qin:qin-lang-frontend-adapter -> qin-lang-frontend-adapter
    [build] Compiling qin-lang-frontend-adapter...
    [ok] Compiled successfully
  [local] com.qin:qin-lang-module-resolver -> qin-lang-module-resolver
  [local] com.qin:qin-lang-backend-jvm -> qin-lang-backend-jvm
    [build] Compiling qin-lang-backend-jvm...
    [ok] Compiled successfully
  [local] com.qin:qin-lang-module-policy -> qin-lang-module-policy
  [local] com.qin:qin-lang-pipeline-cfa -> qin-lang-pipeline-cfa
  [local] com.qin:qin-lang-lowering-jvm -> qin-lang-lowering-jvm
    [build] Compiling qin-lang-lowering-jvm...
    [ok] Compiled successfully
  [local] com.qin:qin-lang-runtime -> qin-lang-runtime
    [build] Compiling qin-lang-runtime...
    [ok] Compiled successfully
  [local] com.slime:slime-parser -> slime-parser
    [build] Compiling slime-parser...
    [ok] Compiled successfully
  [local] com.slime:slime-ast -> slime-ast
    [build] Compiling slime-ast...
    [ok] Compiled successfully
  [local] com.slime:slime-token -> slime-token
  [local] com.subhuti:subhuti-java -> subhuti-java
  [ok] Auto-compiled 7 local project(s)
[34m-> Using cached dependencies (.qin/classpath.json)[0m
[34m-> Compiling and running...[0m
  -> Compiling 1 file(s)...
  [DEBUG] Compile classpath: D:\project\qkyproject\qinall\qin\examples\apps\hello-java\build\classes;D:\project\qkyproject\qinall\qin\examples\packages\java-base\build\classes;D:\project\qkyproject\qinall\qin\packages\qin-runtime...
[ByteBuddy] ª∫¥Ê¥Û–°: 0, parserClass hashCode: 985655350, ¿‡º”‘ÿ∆˜: jdk.internal.loader.ClassLoaders$AppClassLoader@2a139a55
[ByteBuddy] ’˝‘⁄¥¥Ω®‘ˆ«ø¿‡: com.slime.parser.SlimeParser
[ByteBuddy] ∑¢œ÷ @SubhutiRule ∑Ω∑®: SlimeParser.parse
[ByteBuddy] ∑¢œ÷ @SubhutiRule ∑Ω∑®: SlimeParser.CoverCallExpressionAndAsyncArrowHead
[ByteBuddy] ∑¢œ÷ @SubhutiRule ∑Ω∑®: SlimeParser.ClassTail
[ByteBuddy] ∑¢œ÷ @SubhutiRule ∑Ω∑®: SlimeParser.FormalParameters
[ByteBuddy] ∑¢œ÷ @SubhutiRule ∑Ω∑®: SlimeParser.MemberExpression
[ByteBuddy] ∑¢œ÷ @SubhutiRule ∑Ω∑®: SlimeParser.TSDecorator
[ByteBuddy] ∑¢œ÷ @SubhutiRule ∑Ω∑®: SlimeParser.BindingIdentifier
[ByteBuddy] ∑¢œ÷ @SubhutiRule ∑Ω∑®: SlimeParser.UnaryExpression
[ByteBuddy] ∑¢œ÷ @SubhutiRule ∑Ω∑®: SlimeParser.AssignmentExpression
[ByteBuddy] ∑¢œ÷ @SubhutiRule ∑Ω∑®: SlimeParser.AsyncArrowFunction
[ByteBuddy] π≤∑¢œ÷ 349 ∏ˆ @SubhutiRule ∑Ω∑®
[ByteBuddy] ¥¥Ω®‘ˆ«ø¿‡≥…π¶: com.slime.parser.SlimeParser$ByteBuddy$mwornexB (“—ª∫¥Ê)

  .   ____          _            __ _ _
 /\\ / ___'_ __ _ _(_)_ __  __ _ \ \ \ \
( ( )\___ | '_ | '_| | '_ \/ _` | \ \ \ \
 \\/  ___)| |_)| | | | | || (_| |  ) ) ) )
  '  |____| .__|_| |_|_| |_\__, | / / / /
 =========|_|==============|___/=/_/_/_/
 :: Spring Boot ::                (v3.2.0)

2026-05-21T19:50:06.445+08:00  INFO 30784 --- [           main] server.Main                              : Starting Main using Java 25.0.3 with PID 30784 (D:\project\qkyproject\qinall\qin\examples\apps\hello-java\build\classes started by qinky in D:\project\qkyproject\qinall\qin\examples\apps\hello-java)
2026-05-21T19:50:06.448+08:00  INFO 30784 --- [           main] server.Main                              : No active profile set, falling back to 1 default profile: "default"
2026-05-21T19:50:07.517+08:00  INFO 30784 --- [           main] o.s.b.w.embedded.tomcat.TomcatWebServer  : Tomcat initialized with port 18088 (http)
2026-05-21T19:50:07.531+08:00  INFO 30784 --- [           main] o.apache.catalina.core.StandardService   : Starting service [Tomcat]
2026-05-21T19:50:07.531+08:00  INFO 30784 --- [           main] o.apache.catalina.core.StandardEngine    : Starting Servlet engine: [Apache Tomcat/10.1.16]
2026-05-21T19:50:07.596+08:00  INFO 30784 --- [           main] o.a.c.c.C.[Tomcat].[localhost].[/]       : Initializing Spring embedded WebApplicationContext
2026-05-21T19:50:07.597+08:00  INFO 30784 --- [           main] w.s.c.ServletWebServerApplicationContext : Root WebApplicationContext: initialization completed in 1107 ms
2026-05-21T19:50:07.988+08:00  INFO 30784 --- [           main] o.s.b.w.embedded.tomcat.TomcatWebServer  : Tomcat started on port 18088 (http) with context path ''
2026-05-21T19:50:07.997+08:00  INFO 30784 --- [           main] server.Main                              : Started Main in 1.866 seconds (process running for 3.231)
Qin Spring Boot server started
  url: http://localhost:18088
  api: http://localhost:18088/api/hello
2026-05-21T19:50:43.608+08:00  INFO 30784 --- [io-18088-exec-1] o.a.c.c.C.[Tomcat].[localhost].[/]       : Initializing Spring DispatcherServlet 'dispatcherServlet'
2026-05-21T19:50:43.608+08:00  INFO 30784 --- [io-18088-exec-1] o.s.web.servlet.DispatcherServlet        : Initializing Servlet 'dispatcherServlet'
2026-05-21T19:50:43.610+08:00  INFO 30784 --- [io-18088-exec-1] o.s.web.servlet.DispatcherServlet        : Completed initialization in 1 ms
