[34m-> Loading configuration...[0m
  [local] java-base -> java-base
  [local] com.qin:qin-runtime-core -> qin-runtime-core
    [build] Compiling qin-runtime-core...
    [ok] Compiled successfully
  [local] com.qin:qin-lang-frontend-adapter -> qin-lang-frontend-adapter
    [build] Compiling qin-lang-frontend-adapter...
    [ok] Compiled successfully
  [local] com.qin:qin-lang-module-resolver -> qin-lang-module-resolver
  [local] com.qin:qin-lang-backend-jvm -> qin-lang-backend-jvm
    [build] Compiling qin-lang-backend-jvm...
    [ok] Compiled successfully
  [local] com.qin:qin-lang-module-policy -> qin-lang-module-policy
  [local] com.qin:qin-lang-pipeline-cfa -> qin-lang-pipeline-cfa
  [local] com.qin:qin-lang-lowering-jvm -> qin-lang-lowering-jvm
    [build] Compiling qin-lang-lowering-jvm...
    [ok] Compiled successfully
  [local] com.qin:qin-lang-runtime -> qin-lang-runtime
    [build] Compiling qin-lang-runtime...
    [ok] Compiled successfully
  [local] com.qin:qin-lang-backend-js -> qin-lang-backend-js
  [local] com.qin:qin-lang-ir -> qin-lang-ir
  [local] com.qin:qin-lang-sema-esm -> qin-lang-sema-esm
  [local] com.slime:slime-parser -> slime-parser
    [build] Compiling slime-parser...
    [ok] Compiled successfully
  [local] com.slime:slime-token -> slime-token
  [local] com.subhuti:subhuti-java -> subhuti-java
  [local] com.slime:slime-ast -> slime-ast
    [build] Compiling slime-ast...
    [ok] Compiled successfully
  [ok] Auto-compiled 7 local project(s)
[34m-> Using cached dependencies (.qin/classpath.json)[0m
[34m-> Compiling and running...[0m
  [OK] No Java changes detected, skip compile (cache)
[ByteBuddy] ª∫¥Ê¥Û–°: 0, parserClass hashCode: 985655350, ¿‡º”‘ÿ∆˜: jdk.internal.loader.ClassLoaders$AppClassLoader@2a139a55
[ByteBuddy] ’˝‘⁄¥¥Ω®‘ˆ«ø¿‡: com.slime.parser.SlimeParser
[ByteBuddy] ∑¢œ÷ @SubhutiRule ∑Ω∑®: SlimeParser.parse
[ByteBuddy] ∑¢œ÷ @SubhutiRule ∑Ω∑®: SlimeParser.BindingIdentifier
[ByteBuddy] ∑¢œ÷ @SubhutiRule ∑Ω∑®: SlimeParser.TSDecorator
[ByteBuddy] ∑¢œ÷ @SubhutiRule ∑Ω∑®: SlimeParser.FormalParameters
[ByteBuddy] ∑¢œ÷ @SubhutiRule ∑Ω∑®: SlimeParser.ClassHeritage
[ByteBuddy] ∑¢œ÷ @SubhutiRule ∑Ω∑®: SlimeParser.TSDecorators
[ByteBuddy] ∑¢œ÷ @SubhutiRule ∑Ω∑®: SlimeParser.UpdateExpression
[ByteBuddy] ∑¢œ÷ @SubhutiRule ∑Ω∑®: SlimeParser.PrimaryExpression
[ByteBuddy] ∑¢œ÷ @SubhutiRule ∑Ω∑®: SlimeParser.GeneratorMethod
[ByteBuddy] ∑¢œ÷ @SubhutiRule ∑Ω∑®: SlimeParser.TSSatisfiesExpressionTail
[ByteBuddy] π≤∑¢œ÷ 349 ∏ˆ @SubhutiRule ∑Ω∑®
[ByteBuddy] ¥¥Ω®‘ˆ«ø¿‡≥…π¶: com.slime.parser.SlimeParser$ByteBuddy$2hOKbPXe (“—ª∫¥Ê)

  .   ____          _            __ _ _
 /\\ / ___'_ __ _ _(_)_ __  __ _ \ \ \ \
( ( )\___ | '_ | '_| | '_ \/ _` | \ \ \ \
 \\/  ___)| |_)| | | | | || (_| |  ) ) ) )
  '  |____| .__|_| |_|_| |_\__, | / / / /
 =========|_|==============|___/=/_/_/_/
 :: Spring Boot ::                (v3.2.0)

2026-05-21T19:47:11.128+08:00  INFO 51212 --- [           main] server.Main                              : Starting Main using Java 25.0.3 with PID 51212 (D:\project\qkyproject\qinall\qin\examples\apps\hello-java\build\classes started by qinky in D:\project\qkyproject\qinall\qin\examples\apps\hello-java)
2026-05-21T19:47:11.132+08:00  INFO 51212 --- [           main] server.Main                              : No active profile set, falling back to 1 default profile: "default"
2026-05-21T19:47:11.294+08:00  WARN 51212 --- [           main] ConfigServletWebServerApplicationContext : Exception encountered during context initialization - cancelling refresh attempt: org.springframework.beans.factory.BeanDefinitionStoreException: Failed to read candidate component class: file [D:\project\qkyproject\qinall\qin\examples\apps\hello-java\build\classes\server\Main$GeneratedController.class]
2026-05-21T19:47:11.366+08:00 ERROR 51212 --- [           main] o.s.boot.SpringApplication               : Application run failed

org.springframework.beans.factory.BeanDefinitionStoreException: Failed to read candidate component class: file [D:\project\qkyproject\qinall\qin\examples\apps\hello-java\build\classes\server\Main$GeneratedController.class]
	at org.springframework.context.annotation.ClassPathScanningCandidateComponentProvider.scanCandidateComponents(ClassPathScanningCandidateComponentProvider.java:484) ~[org.springframework@spring-context-6.1.1.jar:6.1.1]
	at org.springframework.context.annotation.ClassPathScanningCandidateComponentProvider.findCandidateComponents(ClassPathScanningCandidateComponentProvider.java:337) ~[org.springframework@spring-context-6.1.1.jar:6.1.1]
	at org.springframework.context.annotation.ClassPathBeanDefinitionScanner.doScan(ClassPathBeanDefinitionScanner.java:277) ~[org.springframework@spring-context-6.1.1.jar:6.1.1]
	at org.springframework.context.annotation.ComponentScanAnnotationParser.parse(ComponentScanAnnotationParser.java:128) ~[org.springframework@spring-context-6.1.1.jar:6.1.1]
	at org.springframework.context.annotation.ConfigurationClassParser.doProcessConfigurationClass(ConfigurationClassParser.java:296) ~[org.springframework@spring-context-6.1.1.jar:6.1.1]
	at org.springframework.context.annotation.ConfigurationClassParser.processConfigurationClass(ConfigurationClassParser.java:245) ~[org.springframework@spring-context-6.1.1.jar:6.1.1]
	at org.springframework.context.annotation.ConfigurationClassParser.parse(ConfigurationClassParser.java:196) ~[org.springframework@spring-context-6.1.1.jar:6.1.1]
	at org.springframework.context.annotation.ConfigurationClassParser.parse(ConfigurationClassParser.java:164) ~[org.springframework@spring-context-6.1.1.jar:6.1.1]
	at org.springframework.context.annotation.ConfigurationClassPostProcessor.processConfigBeanDefinitions(ConfigurationClassPostProcessor.java:416) ~[org.springframework@spring-context-6.1.1.jar:6.1.1]
	at org.springframework.context.annotation.ConfigurationClassPostProcessor.postProcessBeanDefinitionRegistry(ConfigurationClassPostProcessor.java:289) ~[org.springframework@spring-context-6.1.1.jar:6.1.1]
	at org.springframework.context.support.PostProcessorRegistrationDelegate.invokeBeanDefinitionRegistryPostProcessors(PostProcessorRegistrationDelegate.java:349) ~[org.springframework@spring-context-6.1.1.jar:6.1.1]
	at org.springframework.context.support.PostProcessorRegistrationDelegate.invokeBeanFactoryPostProcessors(PostProcessorRegistrationDelegate.java:118) ~[org.springframework@spring-context-6.1.1.jar:6.1.1]
	at org.springframework.context.support.AbstractApplicationContext.invokeBeanFactoryPostProcessors(AbstractApplicationContext.java:775) ~[org.springframework@spring-context-6.1.1.jar:6.1.1]
	at org.springframework.context.support.AbstractApplicationContext.refresh(AbstractApplicationContext.java:597) ~[org.springframework@spring-context-6.1.1.jar:6.1.1]
	at org.springframework.boot.web.servlet.context.ServletWebServerApplicationContext.refresh(ServletWebServerApplicationContext.java:146) ~[org.springframework.boot@spring-boot-3.2.0.jar:3.2.0]
	at org.springframework.boot.SpringApplication.refresh(SpringApplication.java:753) ~[org.springframework.boot@spring-boot-3.2.0.jar:3.2.0]
	at org.springframework.boot.SpringApplication.refreshContext(SpringApplication.java:455) ~[org.springframework.boot@spring-boot-3.2.0.jar:3.2.0]
	at org.springframework.boot.SpringApplication.run(SpringApplication.java:323) ~[org.springframework.boot@spring-boot-3.2.0.jar:3.2.0]
	at server.Main.main(Main.java:29) ~[classes/:na]
Caused by: java.io.IOException: ASM ClassReader failed to parse class file - probably due to a new Java class file version that isn't supported yet: file [D:\project\qkyproject\qinall\qin\examples\apps\hello-java\build\classes\server\Main$GeneratedController.class]
	at org.springframework.core.type.classreading.SimpleMetadataReader.getClassReader(SimpleMetadataReader.java:59) ~[org.springframework@spring-core-6.1.1.jar:6.1.1]
	at org.springframework.core.type.classreading.SimpleMetadataReader.<init>(SimpleMetadataReader.java:48) ~[org.springframework@spring-core-6.1.1.jar:6.1.1]
	at org.springframework.core.type.classreading.SimpleMetadataReaderFactory.getMetadataReader(SimpleMetadataReaderFactory.java:103) ~[org.springframework@spring-core-6.1.1.jar:6.1.1]
	at org.springframework.core.type.classreading.CachingMetadataReaderFactory.getMetadataReader(CachingMetadataReaderFactory.java:122) ~[org.springframework@spring-core-6.1.1.jar:6.1.1]
	at org.springframework.context.annotation.ClassPathScanningCandidateComponentProvider.scanCandidateComponents(ClassPathScanningCandidateComponentProvider.java:456) ~[org.springframework@spring-context-6.1.1.jar:6.1.1]
	... 18 common frames omitted
Caused by: java.lang.IllegalArgumentException: Unsupported class file major version 69
	at org.springframework.asm.ClassReader.<init>(ClassReader.java:199) ~[org.springframework@spring-core-6.1.1.jar:6.1.1]
	at org.springframework.asm.ClassReader.<init>(ClassReader.java:180) ~[org.springframework@spring-core-6.1.1.jar:6.1.1]
	at org.springframework.asm.ClassReader.<init>(ClassReader.java:166) ~[org.springframework@spring-core-6.1.1.jar:6.1.1]
	at org.springframework.asm.ClassReader.<init>(ClassReader.java:287) ~[org.springframework@spring-core-6.1.1.jar:6.1.1]
	at org.springframework.core.type.classreading.SimpleMetadataReader.getClassReader(SimpleMetadataReader.java:56) ~[org.springframework@spring-core-6.1.1.jar:6.1.1]
	... 22 common frames omitted

