[34m-> Loading configuration...[0m
  [local] java-base -> java-base
  [local] com.qin:qin-runtime-core -> qin-runtime-core
    [build] Compiling qin-runtime-core...
    [ok] Compiled successfully
  [local] com.qin:qin-lang-module-policy -> qin-lang-module-policy
  [local] com.qin:qin-lang-backend-jvm -> qin-lang-backend-jvm
    [build] Compiling qin-lang-backend-jvm...
    [ok] Compiled successfully
  [local] com.qin:qin-lang-module-resolver -> qin-lang-module-resolver
  [local] com.qin:qin-lang-frontend-adapter -> qin-lang-frontend-adapter
    [build] Compiling qin-lang-frontend-adapter...
    [ok] Compiled successfully
  [local] com.qin:qin-lang-sema-esm -> qin-lang-sema-esm
  [local] com.qin:qin-lang-ir -> qin-lang-ir
  [local] com.qin:qin-lang-backend-js -> qin-lang-backend-js
  [local] com.qin:qin-lang-runtime -> qin-lang-runtime
    [build] Compiling qin-lang-runtime...
    [ok] Compiled successfully
  [local] com.qin:qin-lang-lowering-jvm -> qin-lang-lowering-jvm
    [build] Compiling qin-lang-lowering-jvm...
    [ok] Compiled successfully
  [local] com.qin:qin-lang-pipeline-cfa -> qin-lang-pipeline-cfa
  [local] com.slime:slime-parser -> slime-parser
    [build] Compiling slime-parser...
    [ok] Compiled successfully
  [local] com.slime:slime-token -> slime-token
  [local] com.slime:slime-ast -> slime-ast
    [build] Compiling slime-ast...
    [ok] Compiled successfully
  [local] com.subhuti:subhuti-java -> subhuti-java
  [ok] Auto-compiled 7 local project(s)
[34m-> Using cached dependencies (.qin/classpath.json)[0m
[34m-> Compiling and running...[0m
  -> Compiling 1 file(s)...
  [DEBUG] Compile classpath: D:\project\qkyproject\qinall\qin\examples\apps\hello-java\build\classes;D:\project\qkyproject\qinall\qin\examples\packages\java-base\build\classes;D:\project\qkyproject\qinall\qin\packages\qin-runtime...
[ByteBuddy] ª∫¥Ê¥Û–°: 0, parserClass hashCode: 985655350, ¿‡º”‘ÿ∆˜: jdk.internal.loader.ClassLoaders$AppClassLoader@2a139a55
[ByteBuddy] ’˝‘⁄¥¥Ω®‘ˆ«ø¿‡: com.slime.parser.SlimeJavascriptParser
[ByteBuddy] ∑¢œ÷ @SubhutiRule ∑Ω∑®: SlimeJavascriptParser.parse
[ByteBuddy] ∑¢œ÷ @SubhutiRule ∑Ω∑®: SlimeJavascriptParser.Program
[ByteBuddy] ∑¢œ÷ @SubhutiRule ∑Ω∑®: SlimeJavascriptParser.Program
[ByteBuddy] ∑¢œ÷ @SubhutiRule ∑Ω∑®: SlimeJavascriptParser.ScriptBody
[ByteBuddy] ∑¢œ÷ @SubhutiRule ∑Ω∑®: SlimeJavascriptParser.Script
[ByteBuddy] ∑¢œ÷ @SubhutiRule ∑Ω∑®: SlimeModuleParser.Module
[ByteBuddy] ∑¢œ÷ @SubhutiRule ∑Ω∑®: SlimeModuleParser.WithClause
[ByteBuddy] ∑¢œ÷ @SubhutiRule ∑Ω∑®: SlimeModuleParser.ModuleItem
[ByteBuddy] ∑¢œ÷ @SubhutiRule ∑Ω∑®: SlimeModuleParser.FromClause
[ByteBuddy] ∑¢œ÷ @SubhutiRule ∑Ω∑®: SlimeModuleParser.ModuleBody
[ByteBuddy] π≤∑¢œ÷ 227 ∏ˆ @SubhutiRule ∑Ω∑®
[ByteBuddy] ¥¥Ω®‘ˆ«ø¿‡≥…π¶: com.slime.parser.SlimeJavascriptParser$ByteBuddy$kZZlZFul (“—ª∫¥Ê)
