[34m-> Loading configuration...[0m
  [local] com.qin:qin-runtime-core -> qin-runtime-core
    [build] Compiling qin-runtime-core...
    [ok] Compiled successfully
  [local] java-base -> java-base
  [local] com.qin:qin-lang-sema-esm -> qin-lang-sema-esm
  [local] com.qin:qin-lang-ir -> qin-lang-ir
  [local] com.qin:qin-lang-backend-js -> qin-lang-backend-js
  [local] com.qin:qin-lang-runtime -> qin-lang-runtime
    [build] Compiling qin-lang-runtime...
    [ok] Compiled successfully
  [local] com.qin:qin-lang-lowering-jvm -> qin-lang-lowering-jvm
    [build] Compiling qin-lang-lowering-jvm...
    [ok] Compiled successfully
  [local] com.qin:qin-lang-pipeline-cfa -> qin-lang-pipeline-cfa
  [local] com.qin:qin-lang-module-policy -> qin-lang-module-policy
  [local] com.qin:qin-lang-backend-jvm -> qin-lang-backend-jvm
    [build] Compiling qin-lang-backend-jvm...
    [ok] Compiled successfully
  [local] com.qin:qin-lang-module-resolver -> qin-lang-module-resolver
  [local] com.qin:qin-lang-frontend-adapter -> qin-lang-frontend-adapter
    [build] Compiling qin-lang-frontend-adapter...
    [ok] Compiled successfully
  [local] com.slime:slime-parser -> slime-parser
  [local] com.subhuti:subhuti-java -> subhuti-java
  [local] com.slime:slime-token -> slime-token
  [local] com.slime:slime-ast -> slime-ast
    [build] Compiling slime-ast...
    [ok] Compiled successfully
  [ok] Auto-compiled 6 local project(s)
[34m-> Using cached dependencies (.qin/classpath.json)[0m
[34m-> Compiling and running...[0m
  [OK] No Java changes detected, skip compile (cache)
[ByteBuddy] ª∫¥Ê¥Û–°: 0, parserClass hashCode: 707806938, ¿‡º”‘ÿ∆˜: jdk.internal.loader.ClassLoaders$AppClassLoader@2a139a55
[ByteBuddy] ’˝‘⁄¥¥Ω®‘ˆ«ø¿‡: com.slime.parser.SlimeJavascriptParser
[ByteBuddy] ∑¢œ÷ @SubhutiRule ∑Ω∑®: SlimeJavascriptParser.parse
[ByteBuddy] ∑¢œ÷ @SubhutiRule ∑Ω∑®: SlimeJavascriptParser.Program
[ByteBuddy] ∑¢œ÷ @SubhutiRule ∑Ω∑®: SlimeJavascriptParser.Program
[ByteBuddy] ∑¢œ÷ @SubhutiRule ∑Ω∑®: SlimeJavascriptParser.Script
[ByteBuddy] ∑¢œ÷ @SubhutiRule ∑Ω∑®: SlimeJavascriptParser.ScriptBody
[ByteBuddy] ∑¢œ÷ @SubhutiRule ∑Ω∑®: SlimeModuleParser.Module
[ByteBuddy] ∑¢œ÷ @SubhutiRule ∑Ω∑®: SlimeModuleParser.ImportSpecifier
[ByteBuddy] ∑¢œ÷ @SubhutiRule ∑Ω∑®: SlimeModuleParser.ModuleExportName
[ByteBuddy] ∑¢œ÷ @SubhutiRule ∑Ω∑®: SlimeModuleParser.ImportsList
[ByteBuddy] ∑¢œ÷ @SubhutiRule ∑Ω∑®: SlimeModuleParser.AttributeKey
[ByteBuddy] π≤∑¢œ÷ 227 ∏ˆ @SubhutiRule ∑Ω∑®
[ByteBuddy] ¥¥Ω®‘ˆ«ø¿‡≥…π¶: com.slime.parser.SlimeJavascriptParser$ByteBuddy$QrvPoGTH (“—ª∫¥Ê)
[ByteBuddy] ª∫¥Ê¥Û–°: 1, parserClass hashCode: 707806938, ¿‡º”‘ÿ∆˜: jdk.internal.loader.ClassLoaders$AppClassLoader@2a139a55
[ByteBuddy] ?  π”√ª∫¥Êµƒ‘ˆ«ø¿‡: com.slime.parser.SlimeJavascriptParser$ByteBuddy$QrvPoGTH

  .   ____          _            __ _ _
 /\\ / ___'_ __ _ _(_)_ __  __ _ \ \ \ \
( ( )\___ | '_ | '_| | '_ \/ _` | \ \ \ \
 \\/  ___)| |_)| | | | | || (_| |  ) ) ) )
  '  |____| .__|_| |_|_| |_\__, | / / / /
 =========|_|==============|___/=/_/_/_/
 :: Spring Boot ::                (v3.2.0)

2026-05-21T17:52:59.649+08:00  INFO 64020 --- [           main] server.Main                              : Starting Main using Java 25.0.3 with PID 64020 (D:\project\qkyproject\qinall\qin\examples\apps\hello-java\build\classes started by qinky in D:\project\qkyproject\qinall\qin\examples\apps\hello-java)
2026-05-21T17:52:59.651+08:00  INFO 64020 --- [           main] server.Main                              : No active profile set, falling back to 1 default profile: "default"
2026-05-21T17:53:00.782+08:00  INFO 64020 --- [           main] o.s.b.w.embedded.tomcat.TomcatWebServer  : Tomcat initialized with port 8080 (http)
2026-05-21T17:53:00.797+08:00  INFO 64020 --- [           main] o.apache.catalina.core.StandardService   : Starting service [Tomcat]
2026-05-21T17:53:00.797+08:00  INFO 64020 --- [           main] o.apache.catalina.core.StandardEngine    : Starting Servlet engine: [Apache Tomcat/10.1.16]
2026-05-21T17:53:00.885+08:00  INFO 64020 --- [           main] o.a.c.c.C.[Tomcat].[localhost].[/]       : Initializing Spring embedded WebApplicationContext
2026-05-21T17:53:00.886+08:00  INFO 64020 --- [           main] w.s.c.ServletWebServerApplicationContext : Root WebApplicationContext: initialization completed in 1179 ms
2026-05-21T17:53:01.285+08:00  WARN 64020 --- [           main] ConfigServletWebServerApplicationContext : Exception encountered during context initialization - cancelling refresh attempt: org.springframework.context.ApplicationContextException: Failed to start bean 'webServerStartStop'
2026-05-21T17:53:01.301+08:00  INFO 64020 --- [           main] .s.b.a.l.ConditionEvaluationReportLogger : 

Error starting ApplicationContext. To display the condition evaluation report re-run your application with 'debug' enabled.
2026-05-21T17:53:01.323+08:00 ERROR 64020 --- [           main] o.s.b.d.LoggingFailureAnalysisReporter   : 

***************************
APPLICATION FAILED TO START
***************************

Description:

Web server failed to start. Port 8080 was already in use.

Action:

Identify and stop the process that's listening on port 8080 or configure this application to listen on another port.

