[34m-> Loading configuration...[0m
  [local] com.qin:qin-runtime-core -> qin-runtime-core
    [build] Compiling qin-runtime-core...
    [ok] Compiled successfully
  [local] java-base -> java-base
  [local] com.qin:qin-lang-module-resolver -> qin-lang-module-resolver
  [local] com.qin:qin-lang-backend-jvm -> qin-lang-backend-jvm
    [build] Compiling qin-lang-backend-jvm...
    [ok] Compiled successfully
  [local] com.qin:qin-lang-module-policy -> qin-lang-module-policy
  [local] com.qin:qin-lang-pipeline-cfa -> qin-lang-pipeline-cfa
  [local] com.qin:qin-lang-lowering-jvm -> qin-lang-lowering-jvm
    [build] Compiling qin-lang-lowering-jvm...
    [ok] Compiled successfully
  [local] com.qin:qin-lang-runtime -> qin-lang-runtime
    [build] Compiling qin-lang-runtime...
    [ok] Compiled successfully
  [local] com.qin:qin-lang-backend-js -> qin-lang-backend-js
  [local] com.qin:qin-lang-ir -> qin-lang-ir
  [local] com.qin:qin-lang-sema-esm -> qin-lang-sema-esm
  [local] com.qin:qin-lang-frontend-adapter -> qin-lang-frontend-adapter
    [build] Compiling qin-lang-frontend-adapter...
    [ok] Compiled successfully
  [local] com.slime:slime-parser -> slime-parser
    [build] Compiling slime-parser...
    [ok] Compiled successfully
  [local] com.slime:slime-token -> slime-token
  [local] com.subhuti:subhuti-java -> subhuti-java
  [local] com.slime:slime-ast -> slime-ast
    [build] Compiling slime-ast...
    [ok] Compiled successfully
  [ok] Auto-compiled 7 local project(s)
[34m-> Using cached dependencies (.qin/classpath.json)[0m
[34m-> Compiling and running...[0m
  [OK] No Java changes detected, skip compile (cache)
[ByteBuddy] ª∫¥Ê¥Û–°: 0, parserClass hashCode: 707806938, ¿‡º”‘ÿ∆˜: jdk.internal.loader.ClassLoaders$AppClassLoader@2a139a55
[ByteBuddy] ’˝‘⁄¥¥Ω®‘ˆ«ø¿‡: com.slime.parser.SlimeJavascriptParser
[ByteBuddy] ∑¢œ÷ @SubhutiRule ∑Ω∑®: SlimeJavascriptParser.parse
[ByteBuddy] ∑¢œ÷ @SubhutiRule ∑Ω∑®: SlimeJavascriptParser.Program
[ByteBuddy] ∑¢œ÷ @SubhutiRule ∑Ω∑®: SlimeJavascriptParser.Program
[ByteBuddy] ∑¢œ÷ @SubhutiRule ∑Ω∑®: SlimeJavascriptParser.ScriptBody
[ByteBuddy] ∑¢œ÷ @SubhutiRule ∑Ω∑®: SlimeJavascriptParser.Script
[ByteBuddy] ∑¢œ÷ @SubhutiRule ∑Ω∑®: SlimeModuleParser.Module
[ByteBuddy] ∑¢œ÷ @SubhutiRule ∑Ω∑®: SlimeModuleParser.ImportSpecifier
[ByteBuddy] ∑¢œ÷ @SubhutiRule ∑Ω∑®: SlimeModuleParser.WithClause
[ByteBuddy] ∑¢œ÷ @SubhutiRule ∑Ω∑®: SlimeModuleParser.ModuleBody
[ByteBuddy] ∑¢œ÷ @SubhutiRule ∑Ω∑®: SlimeModuleParser.ModuleItem
[ByteBuddy] π≤∑¢œ÷ 227 ∏ˆ @SubhutiRule ∑Ω∑®
[ByteBuddy] ¥¥Ω®‘ˆ«ø¿‡≥…π¶: com.slime.parser.SlimeJavascriptParser$ByteBuddy$KyLqCJKV (“—ª∫¥Ê)
[ByteBuddy] ª∫¥Ê¥Û–°: 1, parserClass hashCode: 707806938, ¿‡º”‘ÿ∆˜: jdk.internal.loader.ClassLoaders$AppClassLoader@2a139a55
[ByteBuddy] ?  π”√ª∫¥Êµƒ‘ˆ«ø¿‡: com.slime.parser.SlimeJavascriptParser$ByteBuddy$KyLqCJKV

  .   ____          _            __ _ _
 /\\ / ___'_ __ _ _(_)_ __  __ _ \ \ \ \
( ( )\___ | '_ | '_| | '_ \/ _` | \ \ \ \
 \\/  ___)| |_)| | | | | || (_| |  ) ) ) )
  '  |____| .__|_| |_|_| |_\__, | / / / /
 =========|_|==============|___/=/_/_/_/
 :: Spring Boot ::                (v3.2.0)

2026-05-21T19:24:09.414+08:00  INFO 65344 --- [           main] server.Main                              : Starting Main using Java 25.0.3 with PID 65344 (D:\project\qkyproject\qinall\qin\examples\apps\hello-java\build\classes started by qinky in D:\project\qkyproject\qinall\qin\examples\apps\hello-java)
2026-05-21T19:24:09.417+08:00  INFO 65344 --- [           main] server.Main                              : No active profile set, falling back to 1 default profile: "default"
2026-05-21T19:24:10.387+08:00  INFO 65344 --- [           main] o.s.b.w.embedded.tomcat.TomcatWebServer  : Tomcat initialized with port 18084 (http)
2026-05-21T19:24:10.400+08:00  INFO 65344 --- [           main] o.apache.catalina.core.StandardService   : Starting service [Tomcat]
2026-05-21T19:24:10.401+08:00  INFO 65344 --- [           main] o.apache.catalina.core.StandardEngine    : Starting Servlet engine: [Apache Tomcat/10.1.16]
2026-05-21T19:24:10.480+08:00  INFO 65344 --- [           main] o.a.c.c.C.[Tomcat].[localhost].[/]       : Initializing Spring embedded WebApplicationContext
2026-05-21T19:24:10.481+08:00  INFO 65344 --- [           main] w.s.c.ServletWebServerApplicationContext : Root WebApplicationContext: initialization completed in 1018 ms
2026-05-21T19:24:10.850+08:00  INFO 65344 --- [           main] o.s.b.w.embedded.tomcat.TomcatWebServer  : Tomcat started on port 18084 (http) with context path ''
2026-05-21T19:24:10.855+08:00  INFO 65344 --- [           main] server.Main                              : Started Main in 1.795 seconds (process running for 3.232)
Qin Spring Boot server started
  url: http://localhost:8080
  api: http://localhost:8080/api/time
2026-05-21T19:24:21.363+08:00  INFO 65344 --- [io-18084-exec-1] o.a.c.c.C.[Tomcat].[localhost].[/]       : Initializing Spring DispatcherServlet 'dispatcherServlet'
2026-05-21T19:24:21.363+08:00  INFO 65344 --- [io-18084-exec-1] o.s.web.servlet.DispatcherServlet        : Initializing Servlet 'dispatcherServlet'
2026-05-21T19:24:21.365+08:00  INFO 65344 --- [io-18084-exec-1] o.s.web.servlet.DispatcherServlet        : Completed initialization in 0 ms
