[34m-> Loading configuration...[0m
  [local] java-base -> java-base
[34m-> Using cached dependencies (.qin/classpath.json)[0m
[34m-> Compiling and running...[0m
  [OK] No Java changes detected, skip compile (cache)

  .   ____          _            __ _ _
 /\\ / ___'_ __ _ _(_)_ __  __ _ \ \ \ \
( ( )\___ | '_ | '_| | '_ \/ _` | \ \ \ \
 \\/  ___)| |_)| | | | | || (_| |  ) ) ) )
  '  |____| .__|_| |_|_| |_\__, | / / / /
 =========|_|==============|___/=/_/_/_/
 :: Spring Boot ::                (v3.2.0)

2026-05-21T14:13:15.377+08:00  INFO 38960 --- [           main] server.Main                              : Starting Main using Java 25.0.3 with PID 38960 (D:\project\qkyproject\qinall\qin\examples\apps\hello-java\build\classes started by qinky in D:\project\qkyproject\qinall\qin\examples\apps\hello-java)
2026-05-21T14:13:15.381+08:00  INFO 38960 --- [           main] server.Main                              : No active profile set, falling back to 1 default profile: "default"
2026-05-21T14:13:16.290+08:00  INFO 38960 --- [           main] o.s.b.w.embedded.tomcat.TomcatWebServer  : Tomcat initialized with port 8080 (http)
2026-05-21T14:13:16.301+08:00  INFO 38960 --- [           main] o.apache.catalina.core.StandardService   : Starting service [Tomcat]
2026-05-21T14:13:16.301+08:00  INFO 38960 --- [           main] o.apache.catalina.core.StandardEngine    : Starting Servlet engine: [Apache Tomcat/10.1.16]
2026-05-21T14:13:16.425+08:00  INFO 38960 --- [           main] o.a.c.c.C.[Tomcat].[localhost].[/]       : Initializing Spring embedded WebApplicationContext
2026-05-21T14:13:16.426+08:00  INFO 38960 --- [           main] w.s.c.ServletWebServerApplicationContext : Root WebApplicationContext: initialization completed in 994 ms
2026-05-21T14:13:16.792+08:00  INFO 38960 --- [           main] o.s.b.w.embedded.tomcat.TomcatWebServer  : Tomcat started on port 8080 (http) with context path ''
2026-05-21T14:13:16.800+08:00  INFO 38960 --- [           main] server.Main                              : Started Main in 1.78 seconds (process running for 2.07)
? Qin Spring Boot ·þÎñÆ÷ÒÑÆô¶¯
   µØÖ·: http://localhost:8080
   API:  http://localhost:8080/api/time
2026-05-21T14:13:50.305+08:00  INFO 38960 --- [nio-8080-exec-1] o.a.c.c.C.[Tomcat].[localhost].[/]       : Initializing Spring DispatcherServlet 'dispatcherServlet'
2026-05-21T14:13:50.305+08:00  INFO 38960 --- [nio-8080-exec-1] o.s.web.servlet.DispatcherServlet        : Initializing Servlet 'dispatcherServlet'
2026-05-21T14:13:50.306+08:00  INFO 38960 --- [nio-8080-exec-1] o.s.web.servlet.DispatcherServlet        : Completed initialization in 1 ms
